Component: ARM Compiler 5.06 update 7 (build 960) Tool: armlink [4d3601]

==============================================================================

Section Cross References

    startup_stm32f10x_md.o(STACK) refers (Special) to heapauxi.o(.text) for __use_two_region_memory
    startup_stm32f10x_md.o(HEAP) refers (Special) to heapauxi.o(.text) for __use_two_region_memory
    startup_stm32f10x_md.o(RESET) refers (Special) to heapauxi.o(.text) for __use_two_region_memory
    startup_stm32f10x_md.o(RESET) refers to startup_stm32f10x_md.o(STACK) for __initial_sp
    startup_stm32f10x_md.o(RESET) refers to startup_stm32f10x_md.o(.text) for Reset_Handler
    startup_stm32f10x_md.o(RESET) refers to main.o(i.SysTick_Handler) for SysTick_Handler
    startup_stm32f10x_md.o(RESET) refers to stm32_interrupt.o(i.USB_LP_CAN1_RX0_IRQHandler) for USB_LP_CAN1_RX0_IRQHandler
    startup_stm32f10x_md.o(RESET) refers to stm32_driver_tim.o(i.TIM2_IRQHandler) for TIM2_IRQHandler
    startup_stm32f10x_md.o(RESET) refers to stm32_driver_tim.o(i.TIM3_IRQHandler) for TIM3_IRQHandler
    startup_stm32f10x_md.o(RESET) refers to stm32_driver_uart.o(i.USART1_IRQHandler) for USART1_IRQHandler
    startup_stm32f10x_md.o(RESET) refers to stm32_driver_uart.o(i.USART2_IRQHandler) for USART2_IRQHandler
    startup_stm32f10x_md.o(.text) refers (Special) to heapauxi.o(.text) for __use_two_region_memory
    startup_stm32f10x_md.o(.text) refers to __main.o(!!!main) for __main
    startup_stm32f10x_md.o(.text) refers to startup_stm32f10x_md.o(HEAP) for Heap_Mem
    startup_stm32f10x_md.o(.text) refers to startup_stm32f10x_md.o(STACK) for Stack_Mem
    main.o(i.HAL_GetTick) refers to main.o(.data) for .data
    main.o(i.OLED_TestDrawBitmap) refers to oled.o(i.OLED_FillData) for OLED_FillData
    main.o(i.OLED_TestDrawBitmap) refers to oled.o(i.OLED_DrawBitmap) for OLED_DrawBitmap
    main.o(i.OLED_TestDrawBitmap) refers to oled.o(i.OLED_UpdateScreen) for OLED_UpdateScreen
    main.o(i.OLED_TestDrawBitmap) refers to main.o(i.delay) for delay
    main.o(i.OLED_TestDrawBitmap) refers to oled_bitmap.o(.constdata) for garfield_128x64
    main.o(i.OLED_TestDrawBitmap) refers to oled_bitmap.o(.constdata) for github_logo_64x64
    main.o(i.OLED_TestFPS) refers to _printf_percent.o(.ARM.Collect$$_printf_percent$$00000000) for _printf_percent
    main.o(i.OLED_TestFPS) refers to _printf_d.o(.ARM.Collect$$_printf_percent$$00000009) for _printf_d
    main.o(i.OLED_TestFPS) refers to _printf_dec.o(.text) for _printf_int_dec
    main.o(i.OLED_TestFPS) refers to oled.o(i.OLED_FillData) for OLED_FillData
    main.o(i.OLED_TestFPS) refers to main.o(i.HAL_GetTick) for HAL_GetTick
    main.o(i.OLED_TestFPS) refers to oled.o(i.OLED_SetCursor) for OLED_SetCursor
    main.o(i.OLED_TestFPS) refers to oled.o(i.OLED_WriteString) for OLED_WriteString
    main.o(i.OLED_TestFPS) refers to oled.o(i.OLED_UpdateScreen) for OLED_UpdateScreen
    main.o(i.OLED_TestFPS) refers to rt_memmove_v6.o(.text) for __aeabi_memmove
    main.o(i.OLED_TestFPS) refers to main.o(i.delay) for delay
    main.o(i.OLED_TestFPS) refers to dflt_clz.o(x$fpl$dfltu) for __aeabi_ui2d
    main.o(i.OLED_TestFPS) refers to ddiv.o(x$fpl$ddiv) for __aeabi_ddiv
    main.o(i.OLED_TestFPS) refers to fflt_clz.o(x$fpl$fflt) for __aeabi_i2f
    main.o(i.OLED_TestFPS) refers to f2d.o(x$fpl$f2d) for __aeabi_f2d
    main.o(i.OLED_TestFPS) refers to dfix.o(x$fpl$dfix) for __aeabi_d2iz
    main.o(i.OLED_TestFPS) refers to noretval__2snprintf.o(.text) for __2snprintf
    main.o(i.OLED_TestFPS) refers to oled_fonts.o(.constdata) for Font_11x18
    main.o(i.OLED_TestRectangleFill) refers to oled.o(i.OLED_FillRectangle) for OLED_FillRectangle
    main.o(i.OLED_TestRectangleFill) refers to oled.o(i.OLED_UpdateScreen) for OLED_UpdateScreen
    main.o(i.SysTick_Handler) refers to button.o(i.ButtonProcess) for ButtonProcess
    main.o(i.SysTick_Handler) refers to main.o(.data) for .data
    main.o(i.TestOled) refers to oled.o(i.OLED_Clear) for OLED_Clear
    main.o(i.TestOled) refers to oled.o(i.OLED_SetCursor) for OLED_SetCursor
    main.o(i.TestOled) refers to oled.o(i.OLED_AutoNewline) for OLED_AutoNewline
    main.o(i.TestOled) refers to oled.o(i.OLED_WriteStringVIE) for OLED_WriteStringVIE
    main.o(i.TestOled) refers to oled.o(i.OLED_UpdateScreen) for OLED_UpdateScreen
    main.o(i.TestOled) refers to custom_font.o(.constdata) for Font_14x15
    main.o(i.TestOled) refers to main.o(.conststring) for .conststring
    main.o(i.delay) refers to main.o(i.HAL_GetTick) for HAL_GetTick
    main.o(i.init) refers to stm32_driver_rcc.o(i.setupHardware) for setupHardware
    main.o(i.init) refers to main.o(i.SystickConfig) for SystickConfig
    main.o(i.init) refers to led_rgb.o(i.TestLed) for TestLed
    main.o(i.init) refers to button.o(i.ButtonConfig) for ButtonConfig
    main.o(i.init) refers to button.o(i.RegisterButtonEvent) for RegisterButtonEvent
    main.o(i.init) refers to lcd_generic.o(i.LCD_Create) for LCD_Create
[...]
    __2snprintf.o(.text) refers to _printf_char_common.o(.text) for _printf_char_common
    __2snprintf.o(.text) refers to _sputc.o(.text) for _sputc
    __2snprintf.o(.text) refers to _snputc.o(.text) for _snputc
    noretval__2snprintf.o(.text) refers to _printf_char_common.o(.text) for _printf_char_common
    noretval__2snprintf.o(.text) refers to _sputc.o(.text) for _sputc
    noretval__2snprintf.o(.text) refers to _snputc.o(.text) for _snputc
    __printf.o(.text) refers to _printf_percent.o(.ARM.Collect$$_printf_percent$$00000000) for _printf_percent
    _printf_dec.o(.text) refers to _printf_intcommon.o(.text) for _printf_int_common
    __printf_flags.o(.text) refers to _printf_percent.o(.ARM.Collect$$_printf_percent$$00000000) for _printf_percent
    __printf_flags.o(.text) refers to __printf_flags.o(.constdata) for .constdata
    __printf_ss.o(.text) refers to _printf_percent.o(.ARM.Collect$$_printf_percent$$00000000) for _printf_percent
    __printf_flags_ss.o(.text) refers to _printf_percent.o(.ARM.Collect$$_printf_percent$$00000000) for _printf_percent
    __printf_flags_ss.o(.text) refers to __printf_flags_ss.o(.constdata) for .constdata
    __printf_wp.o(.text) refers to __printf_wp.o(i._is_digit) for _is_digit
    __printf_wp.o(.text) refers to _printf_percent.o(.ARM.Collect$$_printf_percent$$00000000) for _printf_percent
    __printf_flags_wp.o(.text) refers to __printf_wp.o(i._is_digit) for _is_digit
    __printf_flags_wp.o(.text) refers to _printf_percent.o(.ARM.Collect$$_printf_percent$$00000000) for _printf_percent
    __printf_flags_wp.o(.text) refers to __printf_flags_wp.o(.constdata) for .constdata
    __printf_ss_wp.o(.text) refers to __printf_wp.o(i._is_digit) for _is_digit
    __printf_ss_wp.o(.text) refers to _printf_percent.o(.ARM.Collect$$_printf_percent$$00000000) for _printf_percent
    __printf_flags_ss_wp.o(.text) refers to __printf_wp.o(i._is_digit) for _is_digit
    __printf_flags_ss_wp.o(.text) refers to _printf_percent.o(.ARM.Collect$$_printf_percent$$00000000) for _printf_percent
    __printf_flags_ss_wp.o(.text) refers to __printf_flags_ss_wp.o(.constdata) for .constdata
    _printf_d.o(.ARM.Collect$$_printf_percent$$00000009) refers (Weak) to _printf_dec.o(.text) for _printf_int_dec
    _printf_percent.o(.ARM.Collect$$_printf_percent$$00000000) refers (Special) to _printf_percent_end.o(.ARM.Collect$$_printf_percent$$00000017) for _printf_percent_end
    rt_memmove_v6.o(.text) refers to rt_memcpy_v6.o(.text) for __aeabi_memcpy
    rt_memmove_v6.o(.text) refers to rt_memmove_w.o(.text) for __memmove_aligned
    aeabi_memset.o(.text) refers to rt_memclr.o(.text) for _memset
    __main.o(!!!main) refers to __rtentry.o(.ARM.Collect$$rtentry$$00000000) for __rt_entry
    ddiv.o(x$fpl$drdiv) refers (Special) to usenofp.o(x$fpl$usenofp) for __I$use$fp
    ddiv.o(x$fpl$drdiv) refers to ddiv.o(x$fpl$ddiv) for ddiv_entry
    ddiv.o(x$fpl$ddiv) refers (Special) to usenofp.o(x$fpl$usenofp) for __I$use$fp
    ddiv.o(x$fpl$ddiv) refers to dretinf.o(x$fpl$dretinf) for __fpl_dretinf
    ddiv.o(x$fpl$ddiv) refers to dnaninf.o(x$fpl$dnaninf) for __fpl_dnaninf
    dfix.o(x$fpl$dfix) refers (Special) to usenofp.o(x$fpl$usenofp) for __I$use$fp
    dfix.o(x$fpl$dfix) refers to dnaninf.o(x$fpl$dnaninf) for __fpl_dnaninf
    dfix.o(x$fpl$dfixr) refers (Special) to usenofp.o(x$fpl$usenofp) for __I$use$fp
    dfix.o(x$fpl$dfixr) refers to dnaninf.o(x$fpl$dnaninf) for __fpl_dnaninf
    dflt_clz.o(x$fpl$dfltu) refers (Special) to usenofp.o(x$fpl$usenofp) for __I$use$fp
    dflt_clz.o(x$fpl$dflt) refers (Special) to usenofp.o(x$fpl$usenofp) for __I$use$fp
    dflt_clz.o(x$fpl$dfltn) refers (Special) to usenofp.o(x$fpl$usenofp) for __I$use$fp
    f2d.o(x$fpl$f2d) refers (Special) to usenofp.o(x$fpl$usenofp) for __I$use$fp
    f2d.o(x$fpl$f2d) refers to fnaninf.o(x$fpl$fnaninf) for __fpl_fnaninf
    f2d.o(x$fpl$f2d) refers to dretinf.o(x$fpl$dretinf) for __fpl_dretinf
    fflt_clz.o(x$fpl$ffltu) refers (Special) to usenofp.o(x$fpl$usenofp) for __I$use$fp
    fflt_clz.o(x$fpl$fflt) refers (Special) to usenofp.o(x$fpl$usenofp) for __I$use$fp
    fflt_clz.o(x$fpl$ffltn) refers (Special) to usenofp.o(x$fpl$usenofp) for __I$use$fp
    __rtentry.o(.ARM.Collect$$rtentry$$00000000) refers (Special) to __rtentry2.o(.ARM.Collect$$rtentry$$0000000A) for __rt_entry_li
    __rtentry.o(.ARM.Collect$$rtentry$$00000000) refers (Special) to __rtentry2.o(.ARM.Collect$$rtentry$$0000000D) for __rt_entry_main
    __rtentry.o(.ARM.Collect$$rtentry$$00000000) refers (Special) to __rtentry2.o(.ARM.Collect$$rtentry$$0000000C) for __rt_entry_postli_1
    __rtentry.o(.ARM.Collect$$rtentry$$00000000) refers (Special) to __rtentry2.o(.ARM.Collect$$rtentry$$00000009) for __rt_entry_postsh_1
    __rtentry.o(.ARM.Collect$$rtentry$$00000000) refers (Special) to __rtentry2.o(.ARM.Collect$$rtentry$$00000002) for __rt_entry_presh_1
    __rtentry.o(.ARM.Collect$$rtentry$$00000000) refers (Special) to __rtentry4.o(.ARM.Collect$$rtentry$$00000004) for __rt_entry_sh
    _printf_char_common.o(.text) refers to __printf.o(.text) for __printf
    rt_memcpy_v6.o(.text) refers to rt_memcpy_w.o(.text) for __aeabi_memcpy4
    rt_memmove_w.o(.text) refers to rt_memcpy_w.o(.text) for __aeabi_memcpy4
    rt_memclr.o(.text) refers to rt_memclr_w.o(.text) for _memset_w
    dnaninf.o(x$fpl$dnaninf) refers (Special) to usenofp.o(x$fpl$usenofp) for __I$use$fp
    dretinf.o(x$fpl$dretinf) refers (Special) to usenofp.o(x$fpl$usenofp) for __I$use$fp
    fnaninf.o(x$fpl$fnaninf) refers (Special) to usenofp.o(x$fpl$usenofp) for __I$use$fp
    __rtentry2.o(.ARM.Collect$$rtentry$$00000008) refers to boardinit2.o(.text) for _platform_post_stackheap_init
    __rtentry2.o(.ARM.Collect$$rtentry$$0000000A) refers to libinit.o(.ARM.Collect$$libinit$$00000000) for __rt_lib_init
    __rtentry2.o(.ARM.Collect$$rtentry$$0000000B) refers to boardinit3.o(.text) for _platform_post_lib_init
    __rtentry2.o(.ARM.Collect$$rtentry$$0000000D) refers to main.o(i.main) for main
    __rtentry2.o(.ARM.Collect$$rtentry$$0000000D) refers to exit.o(.text) for exit
    __rtentry2.o(.ARM.exidx) refers to __rtentry2.o(.ARM.Collect$$rtentry$$00000001) for .ARM.Collect$$rtentry$$00000001
    __rtentry2.o(.ARM.exidx) refers to __rtentry2.o(.ARM.Collect$$rtentry$$00000008) for .ARM.Collect$$rtentry$$00000008
    __rtentry2.o(.ARM.exidx) refers to __rtentry2.o(.ARM.Collect$$rtentry$$0000000A) for .ARM.Collect$$rtentry$$0000000A
    __rtentry2.o(.ARM.exidx) refers to __rtentry2.o(.ARM.Collect$$rtentry$$0000000B) for .ARM.Collect$$rtentry$$0000000B
    __rtentry2.o(.ARM.exidx) refers to __rtentry2.o(.ARM.Collect$$rtentry$$0000000D) for .ARM.Collect$$rtentry$$0000000D
    __rtentry4.o(.ARM.Collect$$rtentry$$00000004) refers to sys_stackheap_outer.o(.text) for __user_setup_stackheap
    __rtentry4.o(.ARM.exidx) refers to __rtentry4.o(.ARM.Collect$$rtentry$$00000004) for .ARM.Collect$$rtentry$$00000004
    sys_stackheap_outer.o(.text) refers to libspace.o(.text) for __user_perproc_libspace
    sys_stackheap_outer.o(.text) refers to startup_stm32f10x_md.o(.text) for __user_initial_stackheap
    exit.o(.text) refers to rtexit.o(.ARM.Collect$$rtexit$$00000000) for __rt_exit
    libinit.o(.ARM.Collect$$libinit$$00000000) refers (Special) to libinit2.o(.ARM.Collect$$libinit$$0000002E) for __rt_lib_init_alloca_1
    libinit.o(.ARM.Collect$$libinit$$00000000) refers (Special) to libinit2.o(.ARM.Collect$$libinit$$0000002C) for __rt_lib_init_argv_1
    libinit.o(.ARM.Collect$$libinit$$00000000) refers (Special) to libinit2.o(.ARM.Collect$$libinit$$0000001B) for __rt_lib_init_atexit_1
    libinit.o(.ARM.Collect$$libinit$$00000000) refers (Special) to libinit2.o(.ARM.Collect$$libinit$$00000021) for __rt_lib_init_clock_1
    libinit.o(.ARM.Collect$$libinit$$00000000) refers (Special) to libinit2.o(.ARM.Collect$$libinit$$00000032) for __rt_lib_init_cpp_1
    libinit.o(.ARM.Collect$$libinit$$00000000) refers (Special) to libinit2.o(.ARM.Collect$$libinit$$00000030) for __rt_lib_init_exceptions_1
    libinit.o(.ARM.Collect$$libinit$$00000000) refers (Special) to libinit2.o(.ARM.Collect$$libinit$$00000002) for __rt_lib_init_fp_1
    libinit.o(.ARM.Collect$$libinit$$00000000) refers (Special) to libinit2.o(.ARM.Collect$$libinit$$0000001F) for __rt_lib_init_fp_trap_1
    libinit.o(.ARM.Collect$$libinit$$00000000) refers (Special) to libinit2.o(.ARM.Collect$$libinit$$00000023) for __rt_lib_init_getenv_1
    libinit.o(.ARM.Collect$$libinit$$00000000) refers (Special) to libinit2.o(.ARM.Collect$$libinit$$0000000A) for __rt_lib_init_heap_1
    libinit.o(.ARM.Collect$$libinit$$00000000) refers (Special) to libinit2.o(.ARM.Collect$$libinit$$00000011) for __rt_lib_init_lc_collate_1
    libinit.o(.ARM.Collect$$libinit$$00000000) refers (Special) to libinit2.o(.ARM.Collect$$libinit$$00000013) for __rt_lib_init_lc_ctype_1
    libinit.o(.ARM.Collect$$libinit$$00000000) refers (Special) to libinit2.o(.ARM.Collect$$libinit$$00000015) for __rt_lib_init_lc_monetary_1
    libinit.o(.ARM.Collect$$libinit$$00000000) refers (Special) to libinit2.o(.ARM.Collect$$libinit$$00000017) for __rt_lib_init_lc_numeric_1
    libinit.o(.ARM.Collect$$libinit$$00000000) refers (Special) to libinit2.o(.ARM.Collect$$libinit$$00000019) for __rt_lib_init_lc_time_1
    libinit.o(.ARM.Collect$$libinit$$00000000) refers (Special) to libinit2.o(.ARM.Collect$$libinit$$00000004) for __rt_lib_init_preinit_1
    libinit.o(.ARM.Collect$$libinit$$00000000) refers (Special) to libinit2.o(.ARM.Collect$$libinit$$0000000E) for __rt_lib_init_rand_1
    libinit.o(.ARM.Collect$$libinit$$00000000) refers (Special) to libinit2.o(.ARM.Collect$$libinit$$00000033) for __rt_lib_init_return
    libinit.o(.ARM.Collect$$libinit$$00000000) refers (Special) to libinit2.o(.ARM.Collect$$libinit$$0000001D) for __rt_lib_init_signal_1
    libinit.o(.ARM.Collect$$libinit$$00000000) refers (Special) to libinit2.o(.ARM.Collect$$libinit$$00000025) for __rt_lib_init_stdio_1
    libinit.o(.ARM.Collect$$libinit$$00000000) refers (Special) to libinit2.o(.ARM.Collect$$libinit$$0000000C) for __rt_lib_init_user_alloc_1
    libspace.o(.text) refers to libspace.o(.bss) for __libspace_start
    rtexit.o(.ARM.Collect$$rtexit$$00000000) refers (Special) to rtexit2.o(.ARM.Collect$$rtexit$$00000004) for __rt_exit_exit
    rtexit.o(.ARM.Collect$$rtexit$$00000000) refers (Special) to rtexit2.o(.ARM.Collect$$rtexit$$00000003) for __rt_exit_ls
    rtexit.o(.ARM.Collect$$rtexit$$00000000) refers (Special) to rtexit2.o(.ARM.Collect$$rtexit$$00000002) for __rt_exit_prels_1
    rtexit.o(.ARM.exidx) refers (Special) to rtexit2.o(.ARM.Collect$$rtexit$$00000004) for __rt_exit_exit
    rtexit.o(.ARM.exidx) refers (Special) to rtexit2.o(.ARM.Collect$$rtexit$$00000003) for __rt_exit_ls
    rtexit.o(.ARM.exidx) refers (Special) to rtexit2.o(.ARM.Collect$$rtexit$$00000002) for __rt_exit_prels_1
    rtexit.o(.ARM.exidx) refers to rtexit.o(.ARM.Collect$$rtexit$$00000000) for .ARM.Collect$$rtexit$$00000000
    libinit2.o(.ARM.Collect$$libinit$$00000010) refers to libinit2.o(.ARM.Collect$$libinit$$0000000F) for .ARM.Collect$$libinit$$0000000F
    libinit2.o(.ARM.Collect$$libinit$$00000012) refers to libinit2.o(.ARM.Collect$$libinit$$0000000F) for .ARM.Collect$$libinit$$0000000F
    libinit2.o(.ARM.Collect$$libinit$$00000014) refers to libinit2.o(.ARM.Collect$$libinit$$0000000F) for .ARM.Collect$$libinit$$0000000F
    libinit2.o(.ARM.Collect$$libinit$$00000016) refers to libinit2.o(.ARM.Collect$$libinit$$0000000F) for .ARM.Collect$$libinit$$0000000F
    libinit2.o(.ARM.Collect$$libinit$$00000018) refers to libinit2.o(.ARM.Collect$$libinit$$0000000F) for .ARM.Collect$$libinit$$0000000F
    libinit2.o(.ARM.Collect$$libinit$$00000026) refers to argv_veneer.o(.emb_text) for __ARM_argv_veneer
    libinit2.o(.ARM.Collect$$libinit$$00000027) refers to argv_veneer.o(.emb_text) for __ARM_argv_veneer
    rtexit2.o(.ARM.Collect$$rtexit$$00000003) refers to libshutdown.o(.ARM.Collect$$libshutdown$$00000000) for __rt_lib_shutdown
    rtexit2.o(.ARM.Collect$$rtexit$$00000004) refers to sys_exit.o(.text) for _sys_exit
    rtexit2.o(.ARM.exidx) refers to rtexit2.o(.ARM.Collect$$rtexit$$00000001) for .ARM.Collect$$rtexit$$00000001
    rtexit2.o(.ARM.exidx) refers to rtexit2.o(.ARM.Collect$$rtexit$$00000003) for .ARM.Collect$$rtexit$$00000003
    rtexit2.o(.ARM.exidx) refers to rtexit2.o(.ARM.Collect$$rtexit$$00000004) for .ARM.Collect$$rtexit$$00000004
    argv_veneer.o(.emb_text) refers to no_argv.o(.text) for __ARM_get_argv
    sys_exit.o(.text) refers (Special) to use_no_semi.o(.text) for __I$use$semihosting
    sys_exit.o(.text) refers (Special) to indicate_semi.o(.text) for __semihosting_library_function
    _get_argv_nomalloc.o(.text) refers (Special) to hrguard.o(.text) for __heap_region$guard
    _get_argv_nomalloc.o(.text) refers to defsig_rtmem_outer.o(.text) for __rt_SIGRTMEM
    _get_argv_nomalloc.o(.text) refers to sys_command.o(.text) for _sys_command_string
    libshutdown.o(.ARM.Collect$$libshutdown$$00000000) refers (Special) to libshutdown2.o(.ARM.Collect$$libshutdown$$00000004) for __rt_lib_shutdown_cpp_1
    libshutdown.o(.ARM.Collect$$libshutdown$$00000000) refers (Special) to libshutdown2.o(.ARM.Collect$$libshutdown$$00000002) for __rt_lib_shutdown_fini_1
    libshutdown.o(.ARM.Collect$$libshutdown$$00000000) refers (Special) to libshutdown2.o(.ARM.Collect$$libshutdown$$00000009) for __rt_lib_shutdown_fp_trap_1
    libshutdown.o(.ARM.Collect$$libshutdown$$00000000) refers (Special) to libshutdown2.o(.ARM.Collect$$libshutdown$$00000011) for __rt_lib_shutdown_heap_1
    libshutdown.o(.ARM.Collect$$libshutdown$$00000000) refers (Special) to libshutdown2.o(.ARM.Collect$$libshutdown$$00000012) for __rt_lib_shutdown_return
    libshutdown.o(.ARM.Collect$$libshutdown$$00000000) refers (Special) to libshutdown2.o(.ARM.Collect$$libshutdown$$0000000C) for __rt_lib_shutdown_signal_1
    libshutdown.o(.ARM.Collect$$libshutdown$$00000000) refers (Special) to libshutdown2.o(.ARM.Collect$$libshutdown$$00000006) for __rt_lib_shutdown_stdio_1
    libshutdown.o(.ARM.Collect$$libshutdown$$00000000) refers (Special) to libshutdown2.o(.ARM.Collect$$libshutdown$$0000000E) for __rt_lib_shutdown_user_alloc_1
    sys_command.o(.text) refers (Special) to use_no_semi.o(.text) for __I$use$semihosting
    sys_command.o(.text) refers (Special) to indicate_semi.o(.text) for __semihosting_library_function
    defsig_rtmem_outer.o(.text) refers to defsig_rtmem_inner.o(.text) for __rt_SIGRTMEM_inner
    defsig_rtmem_outer.o(.text) refers to defsig_exit.o(.text) for __sig_exit
    defsig_rtmem_formal.o(.text) refers to rt_raise.o(.text) for __rt_raise
    rt_raise.o(.text) refers to __raise.o(.text) for __raise
    rt_raise.o(.text) refers to sys_exit.o(.text) for _sys_exit
    defsig_exit.o(.text) refers to sys_exit.o(.text) for _sys_exit
    defsig_rtmem_inner.o(.text) refers to defsig_general.o(.text) for __default_signal_display
    __raise.o(.text) refers to defsig.o(CL$$defsig) for __default_signal_handler
    defsig_general.o(.text) refers to sys_wrch.o(.text) for _ttywrch
    sys_wrch.o(.text) refers (Special) to use_no_semi.o(.text) for __I$use$semihosting
    sys_wrch.o(.text) refers (Special) to indicate_semi.o(.text) for __semihosting_library_function
    defsig.o(CL$$defsig) refers to defsig_rtmem_inner.o(.text) for __rt_SIGRTMEM_inner
    defsig_abrt_inner.o(.text) refers to defsig_general.o(.text) for __default_signal_display
    defsig_fpe_inner.o(.text) refers to defsig_general.o(.text) for __default_signal_display
    defsig_rtred_inner.o(.text) refers to defsig_general.o(.text) for __default_signal_display
    defsig_stak_inner.o(.text) refers to defsig_general.o(.text) for __default_signal_display
    defsig_pvfn_inner.o(.text) refers to defsig_general.o(.text) for __default_signal_display
    defsig_cppl_inner.o(.text) refers to defsig_general.o(.text) for __default_signal_display
    defsig_segv_inner.o(.text) refers to defsig_general.o(.text) for __default_signal_display
    defsig_other.o(.text) refers to defsig_general.o(.text) for __default_signal_display


==============================================================================

Removing Unused input sections from the image.

    Removing main.o(.rev16_text), (4 bytes).
    Removing main.o(.revsh_text), (4 bytes).
    Removing main.o(.rrx_text), (6 bytes).
    Removing main.o(i.OLED_TestDrawBitmap), (116 bytes).
    Removing main.o(i.OLED_TestFPS), (292 bytes).
    Removing main.o(i.OLED_TestRectangleFill), (70 bytes).
    Removing main.o(i.TestOled), (52 bytes).
    Removing main.o(.bss), (36 bytes).
    Removing main.o(.conststring), (66 bytes).
    Removing led_rgb.o(.rev16_text), (4 bytes).
    Removing led_rgb.o(.revsh_text), (4 bytes).
    Removing led_rgb.o(.rrx_text), (6 bytes).
    Removing led_rgb.o(i.BlinkLedRGB), (116 bytes).
    Removing led_rgb.o(i.LEDRGBConfig), (108 bytes).
    Removing led_rgb.o(.data), (28 bytes).
    Removing button.o(.rev16_text), (4 bytes).
    Removing button.o(.revsh_text), (4 bytes).
    Removing button.o(.rrx_text), (6 bytes).
    Removing oled.o(.rev16_text), (4 bytes).
    Removing oled.o(.revsh_text), (4 bytes).
    Removing oled.o(.rrx_text), (6 bytes).
    Removing oled.o(i.OLED_AutoNewline), (12 bytes).
    Removing oled.o(i.OLED_Clear), (16 bytes).
    Removing oled.o(i.OLED_DisplayOff), (84 bytes).
    Removing oled.o(i.OLED_DisplayOn), (84 bytes).
    Removing oled.o(i.OLED_DrawBitmap), (108 bytes).
    Removing oled.o(i.OLED_DrawPixel), (52 bytes).
    Removing oled.o(i.OLED_FillData), (16 bytes).
    Removing oled.o(i.OLED_FillRectangle), (84 bytes).
    Removing oled.o(i.OLED_Init), (600 bytes).
    Removing oled.o(i.OLED_Line), (128 bytes).
    Removing oled.o(i.OLED_SetContrast), (60 bytes).
    Removing oled.o(i.OLED_SetCursor), (12 bytes).
    Removing oled.o(i.OLED_SetPoint), (92 bytes).
    Removing oled.o(i.OLED_UpdateScreen), (160 bytes).
    Removing oled.o(i.OLED_WriteChar), (192 bytes).
    Removing oled.o(i.OLED_WriteCharVIE), (224 bytes).
    Removing oled.o(i.OLED_WriteString), (44 bytes).
    Removing oled.o(i.OLED_WriteStringVIE), (42 bytes).
    Removing oled.o(i.UTF8_Decode), (98 bytes).
    Removing oled.o(i.UTF8_GetCode), (32 bytes).
    Removing oled.o(.bss), (1024 bytes).
    Removing oled.o(.data), (8 bytes).
    Removing oled_fonts.o(.rev16_text), (4 bytes).
    Removing oled_fonts.o(.revsh_text), (4 bytes).
    Removing oled_fonts.o(.rrx_text), (6 bytes).
    Removing oled_fonts.o(.constdata), (3420 bytes).
    Removing oled_fonts.o(.constdata), (2850 bytes).
    Removing oled_fonts.o(.constdata), (95 bytes).
    Removing oled_fonts.o(.constdata), (12 bytes).
    Removing oled_fonts.o(.constdata), (12 bytes).
    Removing oled_bitmap.o(.constdata), (1024 bytes).
    Removing oled_bitmap.o(.constdata), (512 bytes).
    Removing custom_font.o(.rev16_text), (4 bytes).
    Removing custom_font.o(.revsh_text), (4 bytes).
    Removing custom_font.o(.rrx_text), (6 bytes).
    Removing custom_font.o(.constdata), (4410 bytes).
    Removing custom_font.o(.constdata), (147 bytes).
    Removing custom_font.o(.constdata), (12 bytes).
    Removing custom_font.o(.data), (588 bytes).
    Removing spiflash.o(.rev16_text), (4 bytes).
    Removing spiflash.o(.revsh_text), (4 bytes).
    Removing spiflash.o(.rrx_text), (6 bytes).
    Removing spiflash.o(i.W25QXX_BlockSectorLock), (104 bytes).
    Removing spiflash.o(i.W25QXX_BlockSectorUnLock), (104 bytes).
    Removing spiflash.o(i.W25QXX_ChipErase), (116 bytes).
    Removing spiflash.o(i.W25QXX_EraseBlock32KB), (96 bytes).
    Removing spiflash.o(i.W25QXX_EraseBlock64KB), (96 bytes).
    Removing spiflash.o(i.W25QXX_EraseResume), (40 bytes).
    Removing spiflash.o(i.W25QXX_EraseSector), (96 bytes).
    Removing spiflash.o(i.W25QXX_EraseSuspend), (40 bytes).
    Removing spiflash.o(i.W25QXX_GetDeviceID), (100 bytes).
    Removing spiflash.o(i.W25QXX_GlobalLock), (72 bytes).
    Removing spiflash.o(i.W25QXX_GlobalUnLock), (72 bytes).
    Removing spiflash.o(i.W25QXX_PowerDown), (40 bytes).
    Removing spiflash.o(i.W25QXX_ReadBlockSectorLock), (104 bytes).
    Removing spiflash.o(i.W25QXX_ReadByte), (104 bytes).
    Removing spiflash.o(i.W25QXX_ReadData), (120 bytes).
    Removing spiflash.o(i.W25QXX_ReadStatus), (64 bytes).
    Removing spiflash.o(i.W25QXX_ReleasePowerDown), (40 bytes).
    Removing spiflash.o(i.W25QXX_ResetDevice), (92 bytes).
    Removing spiflash.o(i.W25QXX_WriteByte), (112 bytes).
    Removing spiflash.o(i.W25QXX_WriteData), (128 bytes).
    Removing spiflash.o(i.W25QXX_WriteDataWithSecurity), (128 bytes).
    Removing spiflash.o(i.W25QXX_WriteDisable), (40 bytes).
    Removing spiflash.o(i.W25QXX_WriteEnable), (56 bytes).
    Removing spiflash.o(i.W25QXX_WriteStatus), (88 bytes).
    Removing spiflash.o(.data), (10 bytes).
    Removing button_conf.o(.rev16_text), (4 bytes).
    Removing button_conf.o(.revsh_text), (4 bytes).
    Removing button_conf.o(.rrx_text), (6 bytes).
    Removing lcd_generic.o(.rev16_text), (4 bytes).
    Removing lcd_generic.o(.revsh_text), (4 bytes).
    Removing lcd_generic.o(.rrx_text), (6 bytes).
    Removing stm32_driver_i2c.o(.rev16_text), (4 bytes).
    Removing stm32_driver_i2c.o(.revsh_text), (4 bytes).
    Removing stm32_driver_i2c.o(.rrx_text), (6 bytes).
    Removing stm32_driver_i2c.o(i.I2C_ER_IRQHandler), (24 bytes).
    Removing stm32_driver_i2c.o(i.I2C_EV_IRQHandler), (254 bytes).
    Removing stm32_driver_i2c.o(i.I2C_Error_AF), (48 bytes).
    Removing stm32_driver_i2c.o(i.I2C_Init), (288 bytes).
    Removing stm32_driver_i2c.o(i.I2C_Master_ADDR), (90 bytes).
    Removing stm32_driver_i2c.o(i.I2C_Master_RXNE), (68 bytes).
    Removing stm32_driver_i2c.o(i.I2C_Master_Receiver), (618 bytes).
    Removing stm32_driver_i2c.o(i.I2C_Master_Receiver_BTF), (152 bytes).
    Removing stm32_driver_i2c.o(i.I2C_Master_Receiver_IT), (84 bytes).
    Removing stm32_driver_i2c.o(i.I2C_Master_SB), (32 bytes).
    Removing stm32_driver_i2c.o(i.I2C_Master_TXE), (54 bytes).
    Removing stm32_driver_i2c.o(i.I2C_Master_Transmitter), (242 bytes).
    Removing stm32_driver_i2c.o(i.I2C_Master_Transmitter_BTF), (48 bytes).
    Removing stm32_driver_i2c.o(i.I2C_Master_Transmitter_Command), (274 bytes).
    Removing stm32_driver_i2c.o(i.I2C_Master_Transmitter_IT), (74 bytes).
    Removing stm32_driver_i2c.o(i.I2C_Slave_ADDR), (12 bytes).
    Removing stm32_driver_i2c.o(i.I2C_Slave_RXNE), (46 bytes).
    Removing stm32_driver_i2c.o(i.I2C_Slave_Receiver_BTF), (30 bytes).
    Removing stm32_driver_i2c.o(i.I2C_Slave_Receiver_IT), (44 bytes).
    Removing stm32_driver_i2c.o(i.I2C_Slave_STOPF), (44 bytes).
    Removing stm32_driver_i2c.o(i.I2C_Slave_TXE), (44 bytes).
    Removing stm32_driver_i2c.o(i.I2C_Slave_Transmitter_BTF), (28 bytes).
    Removing stm32_driver_i2c.o(i.I2C_Slave_Transmitter_IT), (44 bytes).
    Removing stm32_driver_i2c.o(i.__NVIC_EnableIRQ), (26 bytes).
    Removing stm32_driver_i2c.o(i.__NVIC_SetPriority), (32 bytes).
    Removing stm32_driver_uart.o(.rev16_text), (4 bytes).
    Removing stm32_driver_uart.o(.revsh_text), (4 bytes).
    Removing stm32_driver_uart.o(.rrx_text), (6 bytes).
    Removing stm32_driver_uart.o(i.TraceInit), (120 bytes).
    Removing stm32_driver_uart.o(i.USARTInit), (136 bytes).
    Removing stm32_driver_uart.o(i.USART_Transmiter), (10 bytes).
    Removing stm32_driver_uart.o(i.USART_TransmiterString), (24 bytes).
    Removing stm32_driver_uart.o(i.__NVIC_EnableIRQ), (26 bytes).
    Removing stm32_driver_uart.o(i.__NVIC_SetPriority), (32 bytes).
    Removing stm32_driver_uart.o(i.fputc), (20 bytes).
    Removing stm32_driver_uart.o(.data), (4 bytes).
    Removing stm32_driver_tim.o(.rev16_text), (4 bytes).
    Removing stm32_driver_tim.o(.revsh_text), (4 bytes).
    Removing stm32_driver_tim.o(.rrx_text), (6 bytes).
    Removing stm32_driver_tim.o(i.TIM2_Init), (72 bytes).
    Removing stm32_driver_tim.o(i.TIM3_Init), (168 bytes).
    Removing stm32_driver_tim.o(i.TimerConfig), (4 bytes).
    Removing stm32_driver_rcc.o(.rev16_text), (4 bytes).
    Removing stm32_driver_rcc.o(.revsh_text), (4 bytes).
    Removing stm32_driver_rcc.o(.rrx_text), (6 bytes).
    Removing stm32_driver_spi.o(.rev16_text), (4 bytes).
    Removing stm32_driver_spi.o(.revsh_text), (4 bytes).
    Removing stm32_driver_spi.o(.rrx_text), (6 bytes).
    Removing stm32_driver_spi.o(i.SPI_Transfer), (28 bytes).
    Removing stm32_driver_gpio.o(.rev16_text), (4 bytes).
    Removing stm32_driver_gpio.o(.revsh_text), (4 bytes).
    Removing stm32_driver_gpio.o(.rrx_text), (6 bytes).
    Removing stm32_driver_gpio.o(i.GPIO_ResetBit), (8 bytes).
    Removing stm32_interrupt.o(.rev16_text), (4 bytes).
    Removing stm32_interrupt.o(.revsh_text), (4 bytes).
    Removing stm32_interrupt.o(.rrx_text), (6 bytes).
    Removing stm32_interrupt.o(i.EXTIConfig), (64 bytes).
    Removing stm32_hal_i2c.o(.rev16_text), (4 bytes).
    Removing stm32_hal_i2c.o(.revsh_text), (4 bytes).
    Removing stm32_hal_i2c.o(.rrx_text), (6 bytes).
    Removing stm32_hal_i2c.o(i.I2C_ConfigSpeed), (168 bytes).
    Removing stm32_hal_i2c.o(i.I2C_WaitBusyUntilTimeout), (42 bytes).
    Removing stm32_hal_i2c.o(i.I2C_WaitOnFlagUntilTimeout), (86 bytes).
    Removing stm32_hal_spi.o(.rev16_text), (4 bytes).
    Removing stm32_hal_spi.o(.revsh_text), (4 bytes).
    Removing stm32_hal_spi.o(.rrx_text), (6 bytes).
    Removing stm32_hal_spi.o(i.SPI_ReadByte), (6 bytes).
    Removing stm32_hal_usb.o(.rev16_text), (4 bytes).
    Removing stm32_hal_usb.o(.revsh_text), (4 bytes).
    Removing stm32_hal_usb.o(.rrx_text), (6 bytes).
    Removing stm32_hal_usb.o(i.CDC_Receive), (80 bytes).
    Removing stm32_hal_usb.o(i.CDC_Transmit), (116 bytes).
    Removing stm32_hal_usb.o(i.MarkTest), (28 bytes).
    Removing stm32_hal_usb.o(i.USB_PowerOnReset), (92 bytes).

171 unused section(s) (total 23500 bytes) removed from the image.

==============================================================================

Image Symbol Table

    Local Symbols

    Symbol Name                              Value     Ov Type        Size  Object(Section)

    ../clib/angel/boardlib.s                 0x00000000   Number         0  boardinit1.o ABSOLUTE
    ../clib/angel/boardlib.s                 0x00000000   Number         0  boardinit2.o ABSOLUTE
    ../clib/angel/boardlib.s                 0x00000000   Number         0  boardinit3.o ABSOLUTE
    ../clib/angel/boardlib.s                 0x00000000   Number         0  boardshut.o ABSOLUTE
    ../clib/angel/handlers.s                 0x00000000   Number         0  __scatter_zi.o ABSOLUTE
    ../clib/angel/handlers.s                 0x00000000   Number         0  __scatter_copy.o ABSOLUTE
    ../clib/angel/kernel.s                   0x00000000   Number         0  __rtentry2.o ABSOLUTE
    ../clib/angel/kernel.s                   0x00000000   Number         0  rtexit.o ABSOLUTE
    ../clib/angel/kernel.s                   0x00000000   Number         0  __rtentry.o ABSOLUTE
    ../clib/angel/kernel.s                   0x00000000   Number         0  rtexit2.o ABSOLUTE
    ../clib/angel/kernel.s                   0x00000000   Number         0  __rtentry4.o ABSOLUTE
    ../clib/angel/rt.s                       0x00000000   Number         0  rt_raise.o ABSOLUTE
    ../clib/angel/scatter.s                  0x00000000   Number         0  __scatter.o ABSOLUTE
    ../clib/angel/startup.s                  0x00000000   Number         0  __main.o ABSOLUTE
    ../clib/angel/sys.s                      0x00000000   Number         0  libspace.o ABSOLUTE
    ../clib/angel/sys.s                      0x00000000   Number         0  use_no_semi.o ABSOLUTE
    ../clib/angel/sys.s                      0x00000000   Number         0  indicate_semi.o ABSOLUTE
    ../clib/angel/sys.s                      0x00000000   Number         0  sys_stackheap_outer.o ABSOLUTE
    ../clib/angel/sysapp.c                   0x00000000   Number         0  sys_exit.o ABSOLUTE
    ../clib/angel/sysapp.c                   0x00000000   Number         0  sys_wrch.o ABSOLUTE
    ../clib/angel/sysapp.c                   0x00000000   Number         0  sys_command.o ABSOLUTE
    ../clib/armsys.c                         0x00000000   Number         0  argv_veneer.o ABSOLUTE
    ../clib/armsys.c                         0x00000000   Number         0  argv_veneer.o ABSOLUTE
    ../clib/armsys.c                         0x00000000   Number         0  _get_argv_nomalloc.o ABSOLUTE
    ../clib/armsys.c                         0x00000000   Number         0  no_argv.o ABSOLUTE
    ../clib/heapalloc.c                      0x00000000   Number         0  hrguard.o ABSOLUTE
    ../clib/heapaux.c                        0x00000000   Number         0  heapauxi.o ABSOLUTE
    ../clib/libinit.s                        0x00000000   Number         0  libshutdown.o ABSOLUTE
    ../clib/libinit.s                        0x00000000   Number         0  libinit2.o ABSOLUTE
    ../clib/libinit.s                        0x00000000   Number         0  libshutdown2.o ABSOLUTE
    ../clib/libinit.s                        0x00000000   Number         0  libinit.o ABSOLUTE
    ../clib/memcpset.s                       0x00000000   Number         0  aeabi_memset.o ABSOLUTE
    ../clib/memcpset.s                       0x00000000   Number         0  rt_memmove_v6.o ABSOLUTE
    ../clib/memcpset.s                       0x00000000   Number         0  rt_memcpy_v6.o ABSOLUTE
    ../clib/memcpset.s                       0x00000000   Number         0  rt_memclr.o ABSOLUTE
    ../clib/memcpset.s                       0x00000000   Number         0  rt_memmove_w.o ABSOLUTE
    ../clib/memcpset.s                       0x00000000   Number         0  rt_memclr_w.o ABSOLUTE
    ../clib/memcpset.s                       0x00000000   Number         0  rt_memcpy_w.o ABSOLUTE
    ../clib/printf.c                         0x00000000   Number         0  __printf_flags_ss_wp.o ABSOLUTE
    ../clib/printf.c                         0x00000000   Number         0  __printf_ss_wp.o ABSOLUTE
    ../clib/printf.c                         0x00000000   Number         0  _printf_intcommon.o ABSOLUTE
    ../clib/printf.c                         0x00000000   Number         0  _printf_char_common.o ABSOLUTE
    ../clib/printf.c                         0x00000000   Number         0  _sputc.o ABSOLUTE
    ../clib/printf.c                         0x00000000   Number         0  __printf_flags.o ABSOLUTE
    ../clib/printf.c                         0x00000000   Number         0  __2snprintf.o ABSOLUTE
    ../clib/printf.c                         0x00000000   Number         0  noretval__2snprintf.o ABSOLUTE
    ../clib/printf.c                         0x00000000   Number         0  __printf_flags_wp.o ABSOLUTE
    ../clib/printf.c                         0x00000000   Number         0  __printf.o ABSOLUTE
    ../clib/printf.c                         0x00000000   Number         0  _printf_dec.o ABSOLUTE
    ../clib/printf.c                         0x00000000   Number         0  __printf_wp.o ABSOLUTE
    ../clib/printf.c                         0x00000000   Number         0  _snputc.o ABSOLUTE
    ../clib/printf.c                         0x00000000   Number         0  __printf_ss.o ABSOLUTE
    ../clib/printf.c                         0x00000000   Number         0  __printf_nopercent.o ABSOLUTE
    ../clib/printf.c                         0x00000000   Number         0  __printf_flags_ss.o ABSOLUTE
    ../clib/printf_percent.s                 0x00000000   Number         0  _printf_d.o ABSOLUTE
    ../clib/printf_percent.s                 0x00000000   Number         0  _printf_percent_end.o ABSOLUTE
    ../clib/printf_percent.s                 0x00000000   Number         0  _printf_percent.o ABSOLUTE
    ../clib/signal.c                         0x00000000   Number         0  defsig_fpe_inner.o ABSOLUTE
    ../clib/signal.c                         0x00000000   Number         0  defsig_abrt_inner.o ABSOLUTE
    ../clib/signal.c                         0x00000000   Number         0  defsig_general.o ABSOLUTE
    ../clib/signal.c                         0x00000000   Number         0  __raise.o ABSOLUTE
    ../clib/signal.c                         0x00000000   Number         0  defsig_rtmem_inner.o ABSOLUTE
    ../clib/signal.c                         0x00000000   Number         0  defsig_exit.o ABSOLUTE
    ../clib/signal.c                         0x00000000   Number         0  defsig_rtmem_formal.o ABSOLUTE
    ../clib/signal.c                         0x00000000   Number         0  defsig_rtmem_outer.o ABSOLUTE
    ../clib/signal.c                         0x00000000   Number         0  defsig_rtred_inner.o ABSOLUTE
    ../clib/signal.c                         0x00000000   Number         0  defsig_other.o ABSOLUTE
    ../clib/signal.c                         0x00000000   Number         0  defsig_segv_inner.o ABSOLUTE
    ../clib/signal.c                         0x00000000   Number         0  defsig_cppl_inner.o ABSOLUTE
    ../clib/signal.c                         0x00000000   Number         0  defsig_pvfn_inner.o ABSOLUTE
    ../clib/signal.c                         0x00000000   Number         0  defsig_stak_inner.o ABSOLUTE
    ../clib/signal.s                         0x00000000   Number         0  defsig.o ABSOLUTE
    ../clib/stdlib.c                         0x00000000   Number         0  exit.o ABSOLUTE
    ../fplib/ddiv.s                          0x00000000   Number         0  ddiv.o ABSOLUTE
    ../fplib/dfix.s                          0x00000000   Number         0  dfix.o ABSOLUTE
    ../fplib/dflt.s                          0x00000000   Number         0  dflt_clz.o ABSOLUTE
    ../fplib/dnaninf.s                       0x00000000   Number         0  dnaninf.o ABSOLUTE
    ../fplib/dretinf.s                       0x00000000   Number         0  dretinf.o ABSOLUTE
    ../fplib/f2d.s                           0x00000000   Number         0  f2d.o ABSOLUTE
    ../fplib/fflt.s                          0x00000000   Number         0  fflt_clz.o ABSOLUTE
    ../fplib/fnaninf.s                       0x00000000   Number         0  fnaninf.o ABSOLUTE
    ../fplib/fpinit.s                        0x00000000   Number         0  fpinit.o ABSOLUTE
    ../fplib/usenofp.s                       0x00000000   Number         0  usenofp.o ABSOLUTE
    APP\\src\\button.c                       0x00000000   Number         0  button.o ABSOLUTE
    APP\\src\\button_conf.c                  0x00000000   Number         0  button_conf.o ABSOLUTE
    APP\\src\\custom_font.c                  0x00000000   Number         0  custom_font.o ABSOLUTE
    APP\\src\\lcd_generic.c                  0x00000000   Number         0  lcd_generic.o ABSOLUTE
    APP\\src\\led_rgb.c                      0x00000000   Number         0  led_rgb.o ABSOLUTE
    APP\\src\\main.c                         0x00000000   Number         0  main.o ABSOLUTE
    APP\\src\\oled.c                         0x00000000   Number         0  oled.o ABSOLUTE
    APP\\src\\oled_fonts.c                   0x00000000   Number         0  oled_fonts.o ABSOLUTE
    APP\\src\\spiflash.c                     0x00000000   Number         0  spiflash.o ABSOLUTE
    APP\src\button.c                         0x00000000   Number         0  button.o ABSOLUTE
    APP\src\button_conf.c                    0x00000000   Number         0  button_conf.o ABSOLUTE
    APP\src\custom_font.c                    0x00000000   Number         0  custom_font.o ABSOLUTE
    APP\src\lcd_generic.c                    0x00000000   Number         0  lcd_generic.o ABSOLUTE
    APP\src\led_rgb.c                        0x00000000   Number         0  led_rgb.o ABSOLUTE
    APP\src\main.c                           0x00000000   Number         0  main.o ABSOLUTE
    APP\src\oled.c                           0x00000000   Number         0  oled.o ABSOLUTE
    APP\src\oled_bitmap.c                    0x00000000   Number         0  oled_bitmap.o ABSOLUTE
    APP\src\oled_fonts.c                     0x00000000   Number         0  oled_fonts.o ABSOLUTE
    APP\src\spiflash.c                       0x00000000   Number         0  spiflash.o ABSOLUTE
    Core\startup_stm32f10x_md.s              0x00000000   Number         0  startup_stm32f10x_md.o ABSOLUTE
    Driver\\src\\stm32_driver_gpio.c         0x00000000   Number         0  stm32_driver_gpio.o ABSOLUTE
    Driver\\src\\stm32_driver_i2c.c          0x00000000   Number         0  stm32_driver_i2c.o ABSOLUTE
    Driver\\src\\stm32_driver_rcc.c          0x00000000   Number         0  stm32_driver_rcc.o ABSOLUTE
    Driver\\src\\stm32_driver_spi.c          0x00000000   Number         0  stm32_driver_spi.o ABSOLUTE
    Driver\\src\\stm32_driver_tim.c          0x00000000   Number         0  stm32_driver_tim.o ABSOLUTE
    Driver\\src\\stm32_driver_uart.c         0x00000000   Number         0  stm32_driver_uart.o ABSOLUTE
    Driver\\src\\stm32_interrupt.c           0x00000000   Number         0  stm32_interrupt.o ABSOLUTE
    Driver\src\stm32_driver_gpio.c           0x00000000   Number         0  stm32_driver_gpio.o ABSOLUTE
    Driver\src\stm32_driver_i2c.c            0x00000000   Number         0  stm32_driver_i2c.o ABSOLUTE
    Driver\src\stm32_driver_rcc.c            0x00000000   Number         0  stm32_driver_rcc.o ABSOLUTE
    Driver\src\stm32_driver_spi.c            0x00000000   Number         0  stm32_driver_spi.o ABSOLUTE
    Driver\src\stm32_driver_tim.c            0x00000000   Number         0  stm32_driver_tim.o ABSOLUTE
    Driver\src\stm32_driver_uart.c           0x00000000   Number         0  stm32_driver_uart.o ABSOLUTE
    Driver\src\stm32_interrupt.c             0x00000000   Number         0  stm32_interrupt.o ABSOLUTE
    HAL\\src\\stm32_hal_i2c.c                0x00000000   Number         0  stm32_hal_i2c.o ABSOLUTE
    HAL\\src\\stm32_hal_spi.c                0x00000000   Number         0  stm32_hal_spi.o ABSOLUTE
    HAL\\src\\stm32_hal_usb.c                0x00000000   Number         0  stm32_hal_usb.o ABSOLUTE
    HAL\src\stm32_hal_i2c.c                  0x00000000   Number         0  stm32_hal_i2c.o ABSOLUTE
    HAL\src\stm32_hal_spi.c                  0x00000000   Number         0  stm32_hal_spi.o ABSOLUTE
    HAL\src\stm32_hal_usb.c                  0x00000000   Number         0  stm32_hal_usb.o ABSOLUTE
    dc.s                                     0x00000000   Number         0  dc.o ABSOLUTE
    RESET                                    0x08000000   Section      236  startup_stm32f10x_md.o(RESET)
    !!!main                                  0x080000ec   Section        8  __main.o(!!!main)
    !!!scatter                               0x080000f4   Section       52  __scatter.o(!!!scatter)
    !!handler_copy                           0x08000128   Section       26  __scatter_copy.o(!!handler_copy)
    !!handler_zi                             0x08000144   Section       28  __scatter_zi.o(!!handler_zi)
    .ARM.Collect$$libinit$$00000000          0x08000160   Section        2  libinit.o(.ARM.Collect$$libinit$$00000000)
    .ARM.Collect$$libinit$$00000002          0x08000162   Section        0  libinit2.o(.ARM.Collect$$libinit$$00000002)
    .ARM.Collect$$libinit$$00000004          0x08000162   Section        0  libinit2.o(.ARM.Collect$$libinit$$00000004)
    .ARM.Collect$$libinit$$0000000A          0x08000162   Section        0  libinit2.o(.ARM.Collect$$libinit$$0000000A)
    .ARM.Collect$$libinit$$0000000C          0x08000162   Section        0  libinit2.o(.ARM.Collect$$libinit$$0000000C)
    .ARM.Collect$$libinit$$0000000E          0x08000162   Section        0  libinit2.o(.ARM.Collect$$libinit$$0000000E)
    .ARM.Collect$$libinit$$00000011          0x08000162   Section        0  libinit2.o(.ARM.Collect$$libinit$$00000011)
    .ARM.Collect$$libinit$$00000013          0x08000162   Section        0  libinit2.o(.ARM.Collect$$libinit$$00000013)
    .ARM.Collect$$libinit$$00000015          0x08000162   Section        0  libinit2.o(.ARM.Collect$$libinit$$00000015)
    .ARM.Collect$$libinit$$00000017          0x08000162   Section        0  libinit2.o(.ARM.Collect$$libinit$$00000017)
    .ARM.Collect$$libinit$$00000019          0x08000162   Section        0  libinit2.o(.ARM.Collect$$libinit$$00000019)
    .ARM.Collect$$libinit$$0000001B          0x08000162   Section        0  libinit2.o(.ARM.Collect$$libinit$$0000001B)
    .ARM.Collect$$libinit$$0000001D          0x08000162   Section        0  libinit2.o(.ARM.Collect$$libinit$$0000001D)
    .ARM.Collect$$libinit$$0000001F          0x08000162   Section        0  libinit2.o(.ARM.Collect$$libinit$$0000001F)
    .ARM.Collect$$libinit$$00000021          0x08000162   Section        0  libinit2.o(.ARM.Collect$$libinit$$00000021)
    .ARM.Collect$$libinit$$00000023          0x08000162   Section        0  libinit2.o(.ARM.Collect$$libinit$$00000023)
    .ARM.Collect$$libinit$$00000025          0x08000162   Section        0  libinit2.o(.ARM.Collect$$libinit$$00000025)
    .ARM.Collect$$libinit$$0000002C          0x08000162   Section        0  libinit2.o(.ARM.Collect$$libinit$$0000002C)
    .ARM.Collect$$libinit$$0000002E          0x08000162   Section        0  libinit2.o(.ARM.Collect$$libinit$$0000002E)
    .ARM.Collect$$libinit$$00000030          0x08000162   Section        0  libinit2.o(.ARM.Collect$$libinit$$00000030)
    .ARM.Collect$$libinit$$00000032          0x08000162   Section        0  libinit2.o(.ARM.Collect$$libinit$$00000032)
    .ARM.Collect$$libinit$$00000033          0x08000162   Section        2  libinit2.o(.ARM.Collect$$libinit$$00000033)
    .ARM.Collect$$libshutdown$$00000000      0x08000164   Section        2  libshutdown.o(.ARM.Collect$$libshutdown$$00000000)
    .ARM.Collect$$libshutdown$$00000002      0x08000166   Section        0  libshutdown2.o(.ARM.Collect$$libshutdown$$00000002)
    .ARM.Collect$$libshutdown$$00000004      0x08000166   Section        0  libshutdown2.o(.ARM.Collect$$libshutdown$$00000004)
    .ARM.Collect$$libshutdown$$00000006      0x08000166   Section        0  libshutdown2.o(.ARM.Collect$$libshutdown$$00000006)
    .ARM.Collect$$libshutdown$$00000009      0x08000166   Section        0  libshutdown2.o(.ARM.Collect$$libshutdown$$00000009)
    .ARM.Collect$$libshutdown$$0000000C      0x08000166   Section        0  libshutdown2.o(.ARM.Collect$$libshutdown$$0000000C)
    .ARM.Collect$$libshutdown$$0000000E      0x08000166   Section        0  libshutdown2.o(.ARM.Collect$$libshutdown$$0000000E)
    .ARM.Collect$$libshutdown$$00000011      0x08000166   Section        0  libshutdown2.o(.ARM.Collect$$libshutdown$$00000011)
    .ARM.Collect$$libshutdown$$00000012      0x08000166   Section        2  libshutdown2.o(.ARM.Collect$$libshutdown$$00000012)
    .ARM.Collect$$rtentry$$00000000          0x08000168   Section        0  __rtentry.o(.ARM.Collect$$rtentry$$00000000)
    .ARM.Collect$$rtentry$$00000002          0x08000168   Section        0  __rtentry2.o(.ARM.Collect$$rtentry$$00000002)
    .ARM.Collect$$rtentry$$00000004          0x08000168   Section        6  __rtentry4.o(.ARM.Collect$$rtentry$$00000004)
    .ARM.Collect$$rtentry$$00000009          0x0800016e   Section        0  __rtentry2.o(.ARM.Collect$$rtentry$$00000009)
    .ARM.Collect$$rtentry$$0000000A          0x0800016e   Section        4  __rtentry2.o(.ARM.Collect$$rtentry$$0000000A)
    .ARM.Collect$$rtentry$$0000000C          0x08000172   Section        0  __rtentry2.o(.ARM.Collect$$rtentry$$0000000C)
    .ARM.Collect$$rtentry$$0000000D          0x08000172   Section        8  __rtentry2.o(.ARM.Collect$$rtentry$$0000000D)
    .ARM.Collect$$rtexit$$00000000           0x0800017a   Section        2  rtexit.o(.ARM.Collect$$rtexit$$00000000)
    .ARM.Collect$$rtexit$$00000002           0x0800017c   Section        0  rtexit2.o(.ARM.Collect$$rtexit$$00000002)
    .ARM.Collect$$rtexit$$00000003           0x0800017c   Section        4  rtexit2.o(.ARM.Collect$$rtexit$$00000003)
    .ARM.Collect$$rtexit$$00000004           0x08000180   Section        6  rtexit2.o(.ARM.Collect$$rtexit$$00000004)
    .text                                    0x08000188   Section       56  startup_stm32f10x_md.o(.text)
    .text                                    0x080001c0   Section        0  heapauxi.o(.text)
    .text                                    0x080001c6   Section       74  sys_stackheap_outer.o(.text)
    .text                                    0x08000210   Section        0  exit.o(.text)
    .text                                    0x08000224   Section        8  libspace.o(.text)
    .text                                    0x0800022c   Section        0  sys_exit.o(.text)
    .text                                    0x08000238   Section        2  use_no_semi.o(.text)
    .text                                    0x0800023a   Section        0  indicate_semi.o(.text)
    i.ButtonConfig                           0x0800023c   Section        0  button.o(i.ButtonConfig)
    i.ButtonProcess                          0x08000290   Section        0  button.o(i.ButtonProcess)
    i.GPIO_Init                              0x08000398   Section        0  stm32_driver_gpio.o(i.GPIO_Init)
    i.GPIO_ReadInputDataBit                  0x080004c4   Section        0  stm32_driver_gpio.o(i.GPIO_ReadInputDataBit)
    i.GPIO_SetBit                            0x080004d2   Section        0  stm32_driver_gpio.o(i.GPIO_SetBit)
    i.HAL_GetTick                            0x080004dc   Section        0  main.o(i.HAL_GetTick)
    i.HandleButtonEvent                      0x080004e8   Section        0  main.o(i.HandleButtonEvent)
    i.LCD_Create                             0x0800058c   Section        0  lcd_generic.o(i.LCD_Create)
    i.ReadButton                             0x08000634   Section        0  button.o(i.ReadButton)
    ReadButton                               0x08000635   Thumb Code    34  button.o(i.ReadButton)
    i.RegisterButtonEvent                    0x08000660   Section        0  button.o(i.RegisterButtonEvent)
    i.SPI_CRC_Polynomial                     0x0800066c   Section        0  stm32_hal_spi.o(i.SPI_CRC_Polynomial)
    i.SPI_Init                               0x08000678   Section        0  stm32_driver_spi.o(i.SPI_Init)
    i.SPI_SendByte                           0x08000798   Section        0  stm32_hal_spi.o(i.SPI_SendByte)
    i.SPI_SetupBaudrate                      0x080007a2   Section        0  stm32_hal_spi.o(i.SPI_SetupBaudrate)
    i.SPI_SetupClockMode                     0x080007ac   Section        0  stm32_hal_spi.o(i.SPI_SetupClockMode)
    i.SPI_SetupFrameFormat                   0x080007da   Section        0  stm32_hal_spi.o(i.SPI_SetupFrameFormat)
    i.SPI_SetupNSS                           0x08000808   Section        0  stm32_hal_spi.o(i.SPI_SetupNSS)
    i.SPI_WriteByte                          0x08000812   Section        0  stm32_driver_spi.o(i.SPI_WriteByte)
    i.ST7735_SendCommand                     0x08000830   Section        0  lcd_generic.o(i.ST7735_SendCommand)
    ST7735_SendCommand                       0x08000831   Thumb Code    30  lcd_generic.o(i.ST7735_SendCommand)
    i.ST7735_SendCommandList                 0x08000858   Section        0  lcd_generic.o(i.ST7735_SendCommandList)
    ST7735_SendCommandList                   0x08000859   Thumb Code    66  lcd_generic.o(i.ST7735_SendCommandList)
    i.ST7735_SetDispControl                  0x080008a0   Section        0  lcd_generic.o(i.ST7735_SetDispControl)
    i.ST7735_SetWindow                       0x080008f0   Section        0  lcd_generic.o(i.ST7735_SetWindow)
    i.ST7735_Test                            0x08000954   Section        0  lcd_generic.o(i.ST7735_Test)
    i.SignalTest                             0x08000988   Section        0  stm32_hal_usb.o(i.SignalTest)
    i.SysTick_Handler                        0x080009cc   Section        0  main.o(i.SysTick_Handler)
    i.SystickConfig                          0x080009dc   Section        0  main.o(i.SystickConfig)
    i.TIM2_IRQHandler                        0x080009ea   Section        0  stm32_driver_tim.o(i.TIM2_IRQHandler)
    i.TIM3_IRQHandler                        0x08000a08   Section        0  stm32_driver_tim.o(i.TIM3_IRQHandler)
    i.TestLed                                0x08000a2c   Section        0  led_rgb.o(i.TestLed)
    i.USART1_IRQHandler                      0x08000ab0   Section        0  stm32_driver_uart.o(i.USART1_IRQHandler)
    i.USART2_IRQHandler                      0x08000aec   Section        0  stm32_driver_uart.o(i.USART2_IRQHandler)
    i.USBD_GetLen                            0x08000b28   Section        0  stm32_hal_usb.o(i.USBD_GetLen)
    USBD_GetLen                              0x08000b29   Thumb Code    20  stm32_hal_usb.o(i.USBD_GetLen)
    i.USB_BufferDescTable                    0x08000b3c   Section        0  stm32_hal_usb.o(i.USB_BufferDescTable)
    USB_BufferDescTable                      0x08000b3d   Thumb Code    72  stm32_hal_usb.o(i.USB_BufferDescTable)
    i.USB_EndpointInit                       0x08000b88   Section        0  stm32_hal_usb.o(i.USB_EndpointInit)
    USB_EndpointInit                         0x08000b89   Thumb Code   160  stm32_hal_usb.o(i.USB_EndpointInit)
    i.USB_GetString                          0x08000c28   Section        0  stm32_hal_usb.o(i.USB_GetString)
    USB_GetString                            0x08000c29   Thumb Code    60  stm32_hal_usb.o(i.USB_GetString)
    i.USB_LP_CAN1_RX0_IRQHandler             0x08000c64   Section        0  stm32_interrupt.o(i.USB_LP_CAN1_RX0_IRQHandler)
    i.USB_ProcessDataInStage                 0x08000cbc   Section        0  stm32_hal_usb.o(i.USB_ProcessDataInStage)
    USB_ProcessDataInStage                   0x08000cbd   Thumb Code   394  stm32_hal_usb.o(i.USB_ProcessDataInStage)
    i.USB_ProcessDataOutStage                0x08000e50   Section        0  stm32_hal_usb.o(i.USB_ProcessDataOutStage)
    USB_ProcessDataOutStage                  0x08000e51   Thumb Code   292  stm32_hal_usb.o(i.USB_ProcessDataOutStage)
    i.USB_ProcessSetupStage                  0x08000f80   Section        0  stm32_hal_usb.o(i.USB_ProcessSetupStage)
    USB_ProcessSetupStage                    0x08000f81   Thumb Code   852  stm32_hal_usb.o(i.USB_ProcessSetupStage)
    i.USB_ReadPMA                            0x08001334   Section        0  stm32_hal_usb.o(i.USB_ReadPMA)
    USB_ReadPMA                              0x08001335   Thumb Code    34  stm32_hal_usb.o(i.USB_ReadPMA)
    i.USB_ResetCallBack                      0x08001358   Section        0  stm32_hal_usb.o(i.USB_ResetCallBack)
    i.USB_TransactionCallBack                0x080013a0   Section        0  stm32_hal_usb.o(i.USB_TransactionCallBack)
    i.USB_WritePMA                           0x080014a4   Section        0  stm32_hal_usb.o(i.USB_WritePMA)
    USB_WritePMA                             0x080014a5   Thumb Code    44  stm32_hal_usb.o(i.USB_WritePMA)
    i.__NVIC_ClearPendingIRQ                 0x080014d0   Section        0  stm32_driver_tim.o(i.__NVIC_ClearPendingIRQ)
    __NVIC_ClearPendingIRQ                   0x080014d1   Thumb Code    26  stm32_driver_tim.o(i.__NVIC_ClearPendingIRQ)
    i.__NVIC_EnableIRQ                       0x080014ea   Section        0  stm32_driver_spi.o(i.__NVIC_EnableIRQ)
    __NVIC_EnableIRQ                         0x080014eb   Thumb Code    26  stm32_driver_spi.o(i.__NVIC_EnableIRQ)
    i.__NVIC_SetPriority                     0x08001504   Section        0  stm32_driver_spi.o(i.__NVIC_SetPriority)
    __NVIC_SetPriority                       0x08001505   Thumb Code    32  stm32_driver_spi.o(i.__NVIC_SetPriority)
    i.delay                                  0x08001524   Section        0  main.o(i.delay)
    i.init                                   0x0800153c   Section        0  main.o(i.init)
    i.loop                                   0x08001568   Section        0  main.o(i.loop)
    i.main                                   0x0800156a   Section        0  main.o(i.main)
    i.setupHardware                          0x08001574   Section        0  stm32_driver_rcc.o(i.setupHardware)
    .constdata                               0x080015fc   Section       48  button_conf.o(.constdata)
    .constdata                               0x0800162c   Section       82  lcd_generic.o(.constdata)
    u8InitCmdList                            0x0800162c   Data          82  lcd_generic.o(.constdata)
    .data                                    0x20000000   Section        4  main.o(.data)
    u32Tick                                  0x20000000   Data           4  main.o(.data)
    .data                                    0x20000004   Section        4  button.o(.data)
    ButtonHook                               0x20000004   Data           4  button.o(.data)
    .data                                    0x20000008   Section      121  stm32_hal_usb.o(.data)
    togbit                                   0x20000008   Data           1  stm32_hal_usb.o(.data)
    cnt                                      0x20000009   Data           1  stm32_hal_usb.o(.data)
    epindex                                  0x2000000a   Data           1  stm32_hal_usb.o(.data)
    u8Address                                0x2000000b   Data           1  stm32_hal_usb.o(.data)
    config                                   0x2000000c   Data           1  stm32_hal_usb.o(.data)
    ControlState                             0x2000000d   Data           1  stm32_hal_usb.o(.data)
    USB_ENUM_OK                              0x2000000e   Data           1  stm32_hal_usb.o(.data)
    bCount                                   0x20000010   Data           2  stm32_hal_usb.o(.data)
    buffin                                   0x20000018   Data           4  stm32_hal_usb.o(.data)
    DevRequest                               0x2000001c   Data           8  stm32_hal_usb.o(.data)
    .bss                                     0x20000084   Section       48  button.o(.bss)
    Buttons                                  0x20000084   Data          48  button.o(.bss)
    .bss                                     0x200000b4   Section       62  stm32_driver_uart.o(.bss)
    .bss                                     0x200000f4   Section      988  stm32_hal_usb.o(.bss)
    buffout                                  0x200000f4   Data          64  stm32_hal_usb.o(.bss)
    .bss                                     0x200004d0   Section       96  libspace.o(.bss)
    HEAP                                     0x20000530   Section      512  startup_stm32f10x_md.o(HEAP)
    Heap_Mem                                 0x20000530   Data         512  startup_stm32f10x_md.o(HEAP)
    STACK                                    0x20000730   Section     1024  startup_stm32f10x_md.o(STACK)
    Stack_Mem                                0x20000730   Data        1024  startup_stm32f10x_md.o(STACK)
    __initial_sp                             0x20000b30   Data           0  startup_stm32f10x_md.o(STACK)

    Global Symbols

    Symbol Name                              Value     Ov Type        Size  Object(Section)

    BuildAttributes$$THM_ISAv4$P$D$K$B$S$PE$A:L22UL41UL21$X:L11$S22US41US21$IEEE1$IW$USESV6$~STKCKD$USESV7$~SHL$OSPACE$ROPI$EBA8$UX$STANDARDLIB$REQ8$PRES8$EABIv2 0x00000000   Number         0  anon$$obj.o ABSOLUTE
    __ARM_use_no_argv                        0x00000000   Number         0  main.o ABSOLUTE
    __ARM_exceptions_init                     - Undefined Weak Reference
    __alloca_initialize                       - Undefined Weak Reference
    __arm_fini_                               - Undefined Weak Reference
    __arm_preinit_                            - Undefined Weak Reference
    __cpp_initialize__aeabi_                  - Undefined Weak Reference
    __cxa_finalize                            - Undefined Weak Reference
    __rt_locale                               - Undefined Weak Reference
    __sigvec_lookup                           - Undefined Weak Reference
    _atexit_init                              - Undefined Weak Reference
    _call_atexit_fns                          - Undefined Weak Reference
    _clock_init                               - Undefined Weak Reference
    _fp_trap_init                             - Undefined Weak Reference
    _fp_trap_shutdown                         - Undefined Weak Reference
    _get_lc_collate                           - Undefined Weak Reference
    _get_lc_ctype                             - Undefined Weak Reference
    _get_lc_monetary                          - Undefined Weak Reference
    _get_lc_numeric                           - Undefined Weak Reference
    _get_lc_time                              - Undefined Weak Reference
    _getenv_init                              - Undefined Weak Reference
    _handle_redirection                       - Undefined Weak Reference
    _init_alloc                               - Undefined Weak Reference
    _init_user_alloc                          - Undefined Weak Reference
    _initio                                   - Undefined Weak Reference
    _printf_post_padding                      - Undefined Weak Reference
    _printf_pre_padding                       - Undefined Weak Reference
    _printf_truncate_signed                   - Undefined Weak Reference
    _printf_truncate_unsigned                 - Undefined Weak Reference
    _rand_init                                - Undefined Weak Reference
    _signal_finish                            - Undefined Weak Reference
    _signal_init                              - Undefined Weak Reference
    _terminate_alloc                          - Undefined Weak Reference
    _terminate_user_alloc                     - Undefined Weak Reference
    _terminateio                              - Undefined Weak Reference
    __Vectors_Size                           0x000000ec   Number         0  startup_stm32f10x_md.o ABSOLUTE
    __Vectors                                0x08000000   Data           4  startup_stm32f10x_md.o(RESET)
    __Vectors_End                            0x080000ec   Data           0  startup_stm32f10x_md.o(RESET)
    __main                                   0x080000ed   Thumb Code     8  __main.o(!!!main)
    __scatterload                            0x080000f5   Thumb Code     0  __scatter.o(!!!scatter)
    __scatterload_rt2                        0x080000f5   Thumb Code    44  __scatter.o(!!!scatter)
    __scatterload_rt2_thumb_only             0x080000f5   Thumb Code     0  __scatter.o(!!!scatter)
    __scatterload_null                       0x08000103   Thumb Code     0  __scatter.o(!!!scatter)
    __scatterload_copy                       0x08000129   Thumb Code    26  __scatter_copy.o(!!handler_copy)
    __scatterload_zeroinit                   0x08000145   Thumb Code    28  __scatter_zi.o(!!handler_zi)
    __rt_lib_init                            0x08000161   Thumb Code     0  libinit.o(.ARM.Collect$$libinit$$00000000)
    __rt_lib_init_alloca_1                   0x08000163   Thumb Code     0  libinit2.o(.ARM.Collect$$libinit$$0000002E)
    __rt_lib_init_argv_1                     0x08000163   Thumb Code     0  libinit2.o(.ARM.Collect$$libinit$$0000002C)
    __rt_lib_init_atexit_1                   0x08000163   Thumb Code     0  libinit2.o(.ARM.Collect$$libinit$$0000001B)
    __rt_lib_init_clock_1                    0x08000163   Thumb Code     0  libinit2.o(.ARM.Collect$$libinit$$00000021)
    __rt_lib_init_cpp_1                      0x08000163   Thumb Code     0  libinit2.o(.ARM.Collect$$libinit$$00000032)
    __rt_lib_init_exceptions_1               0x08000163   Thumb Code     0  libinit2.o(.ARM.Collect$$libinit$$00000030)
    __rt_lib_init_fp_1                       0x08000163   Thumb Code     0  libinit2.o(.ARM.Collect$$libinit$$00000002)
    __rt_lib_init_fp_trap_1                  0x08000163   Thumb Code     0  libinit2.o(.ARM.Collect$$libinit$$0000001F)
    __rt_lib_init_getenv_1                   0x08000163   Thumb Code     0  libinit2.o(.ARM.Collect$$libinit$$00000023)
    __rt_lib_init_heap_1                     0x08000163   Thumb Code     0  libinit2.o(.ARM.Collect$$libinit$$0000000A)
    __rt_lib_init_lc_collate_1               0x08000163   Thumb Code     0  libinit2.o(.ARM.Collect$$libinit$$00000011)
    __rt_lib_init_lc_ctype_1                 0x08000163   Thumb Code     0  libinit2.o(.ARM.Collect$$libinit$$00000013)
    __rt_lib_init_lc_monetary_1              0x08000163   Thumb Code     0  libinit2.o(.ARM.Collect$$libinit$$00000015)
    __rt_lib_init_lc_numeric_1               0x08000163   Thumb Code     0  libinit2.o(.ARM.Collect$$libinit$$00000017)
    __rt_lib_init_lc_time_1                  0x08000163   Thumb Code     0  libinit2.o(.ARM.Collect$$libinit$$00000019)
    __rt_lib_init_preinit_1                  0x08000163   Thumb Code     0  libinit2.o(.ARM.Collect$$libinit$$00000004)
    __rt_lib_init_rand_1                     0x08000163   Thumb Code     0  libinit2.o(.ARM.Collect$$libinit$$0000000E)
    __rt_lib_init_return                     0x08000163   Thumb Code     0  libinit2.o(.ARM.Collect$$libinit$$00000033)
    __rt_lib_init_signal_1                   0x08000163   Thumb Code     0  libinit2.o(.ARM.Collect$$libinit$$0000001D)
    __rt_lib_init_stdio_1                    0x08000163   Thumb Code     0  libinit2.o(.ARM.Collect$$libinit$$00000025)
    __rt_lib_init_user_alloc_1               0x08000163   Thumb Code     0  libinit2.o(.ARM.Collect$$libinit$$0000000C)
    __rt_lib_shutdown                        0x08000165   Thumb Code     0  libshutdown.o(.ARM.Collect$$libshutdown$$00000000)
    __rt_lib_shutdown_cpp_1                  0x08000167   Thumb Code     0  libshutdown2.o(.ARM.Collect$$libshutdown$$00000004)
    __rt_lib_shutdown_fini_1                 0x08000167   Thumb Code     0  libshutdown2.o(.ARM.Collect$$libshutdown$$00000002)
    __rt_lib_shutdown_fp_trap_1              0x08000167   Thumb Code     0  libshutdown2.o(.ARM.Collect$$libshutdown$$00000009)
    __rt_lib_shutdown_heap_1                 0x08000167   Thumb Code     0  libshutdown2.o(.ARM.Collect$$libshutdown$$00000011)
    __rt_lib_shutdown_return                 0x08000167   Thumb Code     0  libshutdown2.o(.ARM.Collect$$libshutdown$$00000012)
    __rt_lib_shutdown_signal_1               0x08000167   Thumb Code     0  libshutdown2.o(.ARM.Collect$$libshutdown$$0000000C)
    __rt_lib_shutdown_stdio_1                0x08000167   Thumb Code     0  libshutdown2.o(.ARM.Collect$$libshutdown$$00000006)
    __rt_lib_shutdown_user_alloc_1           0x08000167   Thumb Code     0  libshutdown2.o(.ARM.Collect$$libshutdown$$0000000E)
    __rt_entry                               0x08000169   Thumb Code     0  __rtentry.o(.ARM.Collect$$rtentry$$00000000)
    __rt_entry_presh_1                       0x08000169   Thumb Code     0  __rtentry2.o(.ARM.Collect$$rtentry$$00000002)
    __rt_entry_sh                            0x08000169   Thumb Code     0  __rtentry4.o(.ARM.Collect$$rtentry$$00000004)
    __rt_entry_li                            0x0800016f   Thumb Code     0  __rtentry2.o(.ARM.Collect$$rtentry$$0000000A)
    __rt_entry_postsh_1                      0x0800016f   Thumb Code     0  __rtentry2.o(.ARM.Collect$$rtentry$$00000009)
    __rt_entry_main                          0x08000173   Thumb Code     0  __rtentry2.o(.ARM.Collect$$rtentry$$0000000D)
    __rt_entry_postli_1                      0x08000173   Thumb Code     0  __rtentry2.o(.ARM.Collect$$rtentry$$0000000C)
    __rt_exit                                0x0800017b   Thumb Code     0  rtexit.o(.ARM.Collect$$rtexit$$00000000)
    __rt_exit_ls                             0x0800017d   Thumb Code     0  rtexit2.o(.ARM.Collect$$rtexit$$00000003)
    __rt_exit_prels_1                        0x0800017d   Thumb Code     0  rtexit2.o(.ARM.Collect$$rtexit$$00000002)
    __rt_exit_exit                           0x08000181   Thumb Code     0  rtexit2.o(.ARM.Collect$$rtexit$$00000004)
    Reset_Handler                            0x08000189   Thumb Code     4  startup_stm32f10x_md.o(.text)
    NMI_Handler                              0x0800018d   Thumb Code     2  startup_stm32f10x_md.o(.text)
    HardFault_Handler                        0x0800018f   Thumb Code     2  startup_stm32f10x_md.o(.text)
    MemManage_Handler                        0x08000191   Thumb Code     2  startup_stm32f10x_md.o(.text)
    BusFault_Handler                         0x08000193   Thumb Code     2  startup_stm32f10x_md.o(.text)
    UsageFault_Handler                       0x08000195   Thumb Code     2  startup_stm32f10x_md.o(.text)
    SVC_Handler                              0x08000197   Thumb Code     2  startup_stm32f10x_md.o(.text)
    DebugMon_Handler                         0x08000199   Thumb Code     2  startup_stm32f10x_md.o(.text)
    PendSV_Handler                           0x0800019b   Thumb Code     2  startup_stm32f10x_md.o(.text)
    ADC1_2_IRQHandler                        0x0800019f   Thumb Code     0  startup_stm32f10x_md.o(.text)
    CAN1_RX1_IRQHandler                      0x0800019f   Thumb Code     0  startup_stm32f10x_md.o(.text)
    CAN1_SCE_IRQHandler                      0x0800019f   Thumb Code     0  startup_stm32f10x_md.o(.text)
    DMA1_Channel1_IRQHandler                 0x0800019f   Thumb Code     0  startup_stm32f10x_md.o(.text)
    DMA1_Channel2_IRQHandler                 0x0800019f   Thumb Code     0  startup_stm32f10x_md.o(.text)
    DMA1_Channel3_IRQHandler                 0x0800019f   Thumb Code     0  startup_stm32f10x_md.o(.text)
    DMA1_Channel4_IRQHandler                 0x0800019f   Thumb Code     0  startup_stm32f10x_md.o(.text)
    DMA1_Channel5_IRQHandler                 0x0800019f   Thumb Code     0  startup_stm32f10x_md.o(.text)
    DMA1_Channel6_IRQHandler                 0x0800019f   Thumb Code     0  startup_stm32f10x_md.o(.text)
    DMA1_Channel7_IRQHandler                 0x0800019f   Thumb Code     0  startup_stm32f10x_md.o(.text)
    EXTI0_IRQHandler                         0x0800019f   Thumb Code     0  startup_stm32f10x_md.o(.text)
    EXTI15_10_IRQHandler                     0x0800019f   Thumb Code     0  startup_stm32f10x_md.o(.text)
    EXTI1_IRQHandler                         0x0800019f   Thumb Code     0  startup_stm32f10x_md.o(.text)
    EXTI2_IRQHandler                         0x0800019f   Thumb Code     0  startup_stm32f10x_md.o(.text)
    EXTI3_IRQHandler                         0x0800019f   Thumb Code     0  startup_stm32f10x_md.o(.text)
    EXTI4_IRQHandler                         0x0800019f   Thumb Code     0  startup_stm32f10x_md.o(.text)
    EXTI9_5_IRQHandler                       0x0800019f   Thumb Code     0  startup_stm32f10x_md.o(.text)
    FLASH_IRQHandler                         0x0800019f   Thumb Code     0  startup_stm32f10x_md.o(.text)
    I2C1_ER_IRQHandler                       0x0800019f   Thumb Code     0  startup_stm32f10x_md.o(.text)
    I2C1_EV_IRQHandler                       0x0800019f   Thumb Code     0  startup_stm32f10x_md.o(.text)
    I2C2_ER_IRQHandler                       0x0800019f   Thumb Code     0  startup_stm32f10x_md.o(.text)
    I2C2_EV_IRQHandler                       0x0800019f   Thumb Code     0  startup_stm32f10x_md.o(.text)
    PVD_IRQHandler                           0x0800019f   Thumb Code     0  startup_stm32f10x_md.o(.text)
    RCC_IRQHandler                           0x0800019f   Thumb Code     0  startup_stm32f10x_md.o(.text)
    RTCAlarm_IRQHandler                      0x0800019f   Thumb Code     0  startup_stm32f10x_md.o(.text)
    RTC_IRQHandler                           0x0800019f   Thumb Code     0  startup_stm32f10x_md.o(.text)
    SPI1_IRQHandler                          0x0800019f   Thumb Code     0  startup_stm32f10x_md.o(.text)
    SPI2_IRQHandler                          0x0800019f   Thumb Code     0  startup_stm32f10x_md.o(.text)
    TAMPER_IRQHandler                        0x0800019f   Thumb Code     0  startup_stm32f10x_md.o(.text)
    TIM1_BRK_IRQHandler                      0x0800019f   Thumb Code     0  startup_stm32f10x_md.o(.text)
    TIM1_CC_IRQHandler                       0x0800019f   Thumb Code     0  startup_stm32f10x_md.o(.text)
    TIM1_TRG_COM_IRQHandler                  0x0800019f   Thumb Code     0  startup_stm32f10x_md.o(.text)
    TIM1_UP_IRQHandler                       0x0800019f   Thumb Code     0  startup_stm32f10x_md.o(.text)
    TIM4_IRQHandler                          0x0800019f   Thumb Code     0  startup_stm32f10x_md.o(.text)
    USART3_IRQHandler                        0x0800019f   Thumb Code     0  startup_stm32f10x_md.o(.text)
    USBWakeUp_IRQHandler                     0x0800019f   Thumb Code     0  startup_stm32f10x_md.o(.text)
    USB_HP_CAN1_TX_IRQHandler                0x0800019f   Thumb Code     0  startup_stm32f10x_md.o(.text)
    WWDG_IRQHandler                          0x0800019f   Thumb Code     0  startup_stm32f10x_md.o(.text)
    __user_initial_stackheap                 0x080001a1   Thumb Code     0  startup_stm32f10x_md.o(.text)
    __use_two_region_memory                  0x080001c1   Thumb Code     2  heapauxi.o(.text)
    __rt_heap_escrow$2region                 0x080001c3   Thumb Code     2  heapauxi.o(.text)
    __rt_heap_expand$2region                 0x080001c5   Thumb Code     2  heapauxi.o(.text)
    __user_setup_stackheap                   0x080001c7   Thumb Code    74  sys_stackheap_outer.o(.text)
    exit                                     0x08000211   Thumb Code    18  exit.o(.text)
    __user_libspace                          0x08000225   Thumb Code     8  libspace.o(.text)
    __user_perproc_libspace                  0x08000225   Thumb Code     0  libspace.o(.text)
    __user_perthread_libspace                0x08000225   Thumb Code     0  libspace.o(.text)
    _sys_exit                                0x0800022d   Thumb Code     8  sys_exit.o(.text)
    __I$use$semihosting                      0x08000239   Thumb Code     0  use_no_semi.o(.text)
    __use_no_semihosting_swi                 0x08000239   Thumb Code     2  use_no_semi.o(.text)
    __semihosting_library_function           0x0800023b   Thumb Code     0  indicate_semi.o(.text)
    ButtonConfig                             0x0800023d   Thumb Code    74  button.o(i.ButtonConfig)
    ButtonProcess                            0x08000291   Thumb Code   254  button.o(i.ButtonProcess)
    GPIO_Init                                0x08000399   Thumb Code   268  stm32_driver_gpio.o(i.GPIO_Init)
    GPIO_ReadInputDataBit                    0x080004c5   Thumb Code    14  stm32_driver_gpio.o(i.GPIO_ReadInputDataBit)
    GPIO_SetBit                              0x080004d3   Thumb Code     8  stm32_driver_gpio.o(i.GPIO_SetBit)
    HAL_GetTick                              0x080004dd   Thumb Code     6  main.o(i.HAL_GetTick)
    HandleButtonEvent                        0x080004e9   Thumb Code   154  main.o(i.HandleButtonEvent)
    LCD_Create                               0x0800058d   Thumb Code   150  lcd_generic.o(i.LCD_Create)
    RegisterButtonEvent                      0x08000661   Thumb Code     6  button.o(i.RegisterButtonEvent)
    SPI_CRC_Polynomial                       0x0800066d   Thumb Code    10  stm32_hal_spi.o(i.SPI_CRC_Polynomial)
    SPI_Init                                 0x08000679   Thumb Code   266  stm32_driver_spi.o(i.SPI_Init)
    SPI_SendByte                             0x08000799   Thumb Code    10  stm32_hal_spi.o(i.SPI_SendByte)
    SPI_SetupBaudrate                        0x080007a3   Thumb Code    10  stm32_hal_spi.o(i.SPI_SetupBaudrate)
    SPI_SetupClockMode                       0x080007ad   Thumb Code    46  stm32_hal_spi.o(i.SPI_SetupClockMode)
    SPI_SetupFrameFormat                     0x080007db   Thumb Code    46  stm32_hal_spi.o(i.SPI_SetupFrameFormat)
    SPI_SetupNSS                             0x08000809   Thumb Code    10  stm32_hal_spi.o(i.SPI_SetupNSS)
    SPI_WriteByte                            0x08000813   Thumb Code    28  stm32_driver_spi.o(i.SPI_WriteByte)
    ST7735_SetDispControl                    0x080008a1   Thumb Code    76  lcd_generic.o(i.ST7735_SetDispControl)
    ST7735_SetWindow                         0x080008f1   Thumb Code    94  lcd_generic.o(i.ST7735_SetWindow)
    ST7735_Test                              0x08000955   Thumb Code    46  lcd_generic.o(i.ST7735_Test)
    SignalTest                               0x08000989   Thumb Code    60  stm32_hal_usb.o(i.SignalTest)
    SysTick_Handler                          0x080009cd   Thumb Code    12  main.o(i.SysTick_Handler)
    SystickConfig                            0x080009dd   Thumb Code    14  main.o(i.SystickConfig)
    TIM2_IRQHandler                          0x080009eb   Thumb Code    30  stm32_driver_tim.o(i.TIM2_IRQHandler)
    TIM3_IRQHandler                          0x08000a09   Thumb Code    32  stm32_driver_tim.o(i.TIM3_IRQHandler)
    TestLed                                  0x08000a2d   Thumb Code   114  led_rgb.o(i.TestLed)
    USART1_IRQHandler                        0x08000ab1   Thumb Code    50  stm32_driver_uart.o(i.USART1_IRQHandler)
    USART2_IRQHandler                        0x08000aed   Thumb Code    50  stm32_driver_uart.o(i.USART2_IRQHandler)
    USB_LP_CAN1_RX0_IRQHandler               0x08000c65   Thumb Code    82  stm32_interrupt.o(i.USB_LP_CAN1_RX0_IRQHandler)
    USB_ResetCallBack                        0x08001359   Thumb Code    68  stm32_hal_usb.o(i.USB_ResetCallBack)
    USB_TransactionCallBack                  0x080013a1   Thumb Code   238  stm32_hal_usb.o(i.USB_TransactionCallBack)
    delay                                    0x08001525   Thumb Code    22  main.o(i.delay)
    init                                     0x0800153d   Thumb Code    34  main.o(i.init)
    loop                                     0x08001569   Thumb Code     2  main.o(i.loop)
    main                                     0x0800156b   Thumb Code    10  main.o(i.main)
    setupHardware                            0x08001575   Thumb Code   126  stm32_driver_rcc.o(i.setupHardware)
    ButtonConfigs                            0x080015fc   Data          48  button_conf.o(.constdata)
    Region$$Table$$Base                      0x08001680   Number         0  anon$$obj.o(Region$$Table)
    Region$$Table$$Limit                     0x080016a0   Number         0  anon$$obj.o(Region$$Table)
    LangIDDesc                               0x20000014   Data           4  stm32_hal_usb.o(.data)
    CDC_LineCoding                           0x20000024   Data           8  stm32_hal_usb.o(.data)
    DeviceDesc                               0x2000002c   Data          18  stm32_hal_usb.o(.data)
    ConfigDesc                               0x2000003e   Data          67  stm32_hal_usb.o(.data)
    gUSART1Pack                              0x200000b4   Data          31  stm32_driver_uart.o(.bss)
    gUSART2Pack                              0x200000d3   Data          31  stm32_driver_uart.o(.bss)
    EP0_buffer                               0x20000134   Data          10  stm32_hal_usb.o(.bss)
    StrDesc                                  0x20000140   Data         512  stm32_hal_usb.o(.bss)
    mark                                     0x20000340   Data         400  stm32_hal_usb.o(.bss)
    __libspace_start                         0x200004d0   Data          96  libspace.o(.bss)
    __temporary_stack_top$libspace           0x20000530   Data           0  libspace.o(.bss)



==============================================================================

Memory Map of the image

  Image Entry point : 0x080000ed

  Load Region LR_IROM1 (Base: 0x08000000, Size: 0x00001724, Max: 0x00010000, ABSOLUTE)

    Execution Region ER_IROM1 (Exec base: 0x08000000, Load base: 0x08000000, Size: 0x000016a0, Max: 0x00010000, ABSOLUTE)

    Exec Addr    Load Addr    Size         Type   Attr      Idx    E Section Name        Object

    0x08000000   0x08000000   0x000000ec   Data   RO            3    RESET               startup_stm32f10x_md.o
    0x080000ec   0x080000ec   0x00000008   Code   RO         1447  * !!!main             c_w.l(__main.o)
    0x080000f4   0x080000f4   0x00000034   Code   RO         1656    !!!scatter          c_w.l(__scatter.o)
    0x08000128   0x08000128   0x0000001a   Code   RO         1658    !!handler_copy      c_w.l(__scatter_copy.o)
    0x08000142   0x08000142   0x00000002   PAD
    0x08000144   0x08000144   0x0000001c   Code   RO         1660    !!handler_zi        c_w.l(__scatter_zi.o)
    0x08000160   0x08000160   0x00000002   Code   RO         1524    .ARM.Collect$$libinit$$00000000  c_w.l(libinit.o)
    0x08000162   0x08000162   0x00000000   Code   RO         1531    .ARM.Collect$$libinit$$00000002  c_w.l(libinit2.o)
    0x08000162   0x08000162   0x00000000   Code   RO         1533    .ARM.Collect$$libinit$$00000004  c_w.l(libinit2.o)
    0x08000162   0x08000162   0x00000000   Code   RO         1536    .ARM.Collect$$libinit$$0000000A  c_w.l(libinit2.o)
    0x08000162   0x08000162   0x00000000   Code   RO         1538    .ARM.Collect$$libinit$$0000000C  c_w.l(libinit2.o)
    0x08000162   0x08000162   0x00000000   Code   RO         1540    .ARM.Collect$$libinit$$0000000E  c_w.l(libinit2.o)
    0x08000162   0x08000162   0x00000000   Code   RO         1543    .ARM.Collect$$libinit$$00000011  c_w.l(libinit2.o)
    0x08000162   0x08000162   0x00000000   Code   RO         1545    .ARM.Collect$$libinit$$00000013  c_w.l(libinit2.o)
    0x08000162   0x08000162   0x00000000   Code   RO         1547    .ARM.Collect$$libinit$$00000015  c_w.l(libinit2.o)
    0x08000162   0x08000162   0x00000000   Code   RO         1549    .ARM.Collect$$libinit$$00000017  c_w.l(libinit2.o)
    0x08000162   0x08000162   0x00000000   Code   RO         1551    .ARM.Collect$$libinit$$00000019  c_w.l(libinit2.o)
    0x08000162   0x08000162   0x00000000   Code   RO         1553    .ARM.Collect$$libinit$$0000001B  c_w.l(libinit2.o)
    0x08000162   0x08000162   0x00000000   Code   RO         1555    .ARM.Collect$$libinit$$0000001D  c_w.l(libinit2.o)
    0x08000162   0x08000162   0x00000000   Code   RO         1557    .ARM.Collect$$libinit$$0000001F  c_w.l(libinit2.o)
    0x08000162   0x08000162   0x00000000   Code   RO         1559    .ARM.Collect$$libinit$$00000021  c_w.l(libinit2.o)
    0x08000162   0x08000162   0x00000000   Code   RO         1561    .ARM.Collect$$libinit$$00000023  c_w.l(libinit2.o)
    0x08000162   0x08000162   0x00000000   Code   RO         1563    .ARM.Collect$$libinit$$00000025  c_w.l(libinit2.o)
    0x08000162   0x08000162   0x00000000   Code   RO         1567    .ARM.Collect$$libinit$$0000002C  c_w.l(libinit2.o)
    0x08000162   0x08000162   0x00000000   Code   RO         1569    .ARM.Collect$$libinit$$0000002E  c_w.l(libinit2.o)
    0x08000162   0x08000162   0x00000000   Code   RO         1571    .ARM.Collect$$libinit$$00000030  c_w.l(libinit2.o)
    0x08000162   0x08000162   0x00000000   Code   RO         1573    .ARM.Collect$$libinit$$00000032  c_w.l(libinit2.o)
    0x08000162   0x08000162   0x00000002   Code   RO         1574    .ARM.Collect$$libinit$$00000033  c_w.l(libinit2.o)
    0x08000164   0x08000164   0x00000002   Code   RO         1594    .ARM.Collect$$libshutdown$$00000000  c_w.l(libshutdown.o)
    0x08000166   0x08000166   0x00000000   Code   RO         1607    .ARM.Collect$$libshutdown$$00000002  c_w.l(libshutdown2.o)
    0x08000166   0x08000166   0x00000000   Code   RO         1609    .ARM.Collect$$libshutdown$$00000004  c_w.l(libshutdown2.o)
    0x08000166   0x08000166   0x00000000   Code   RO         1611    .ARM.Collect$$libshutdown$$00000006  c_w.l(libshutdown2.o)
    0x08000166   0x08000166   0x00000000   Code   RO         1614    .ARM.Collect$$libshutdown$$00000009  c_w.l(libshutdown2.o)
    0x08000166   0x08000166   0x00000000   Code   RO         1617    .ARM.Collect$$libshutdown$$0000000C  c_w.l(libshutdown2.o)
    0x08000166   0x08000166   0x00000000   Code   RO         1619    .ARM.Collect$$libshutdown$$0000000E  c_w.l(libshutdown2.o)
    0x08000166   0x08000166   0x00000000   Code   RO         1622    .ARM.Collect$$libshutdown$$00000011  c_w.l(libshutdown2.o)
    0x08000166   0x08000166   0x00000002   Code   RO         1623    .ARM.Collect$$libshutdown$$00000012  c_w.l(libshutdown2.o)
    0x08000168   0x08000168   0x00000000   Code   RO         1471    .ARM.Collect$$rtentry$$00000000  c_w.l(__rtentry.o)
    0x08000168   0x08000168   0x00000000   Code   RO         1495    .ARM.Collect$$rtentry$$00000002  c_w.l(__rtentry2.o)
    0x08000168   0x08000168   0x00000006   Code   RO         1507    .ARM.Collect$$rtentry$$00000004  c_w.l(__rtentry4.o)
    0x0800016e   0x0800016e   0x00000000   Code   RO         1497    .ARM.Collect$$rtentry$$00000009  c_w.l(__rtentry2.o)
    0x0800016e   0x0800016e   0x00000004   Code   RO         1498    .ARM.Collect$$rtentry$$0000000A  c_w.l(__rtentry2.o)
    0x08000172   0x08000172   0x00000000   Code   RO         1500    .ARM.Collect$$rtentry$$0000000C  c_w.l(__rtentry2.o)
    0x08000172   0x08000172   0x00000008   Code   RO         1501    .ARM.Collect$$rtentry$$0000000D  c_w.l(__rtentry2.o)
    0x0800017a   0x0800017a   0x00000002   Code   RO         1528    .ARM.Collect$$rtexit$$00000000  c_w.l(rtexit.o)
    0x0800017c   0x0800017c   0x00000000   Code   RO         1576    .ARM.Collect$$rtexit$$00000002  c_w.l(rtexit2.o)
    0x0800017c   0x0800017c   0x00000004   Code   RO         1577    .ARM.Collect$$rtexit$$00000003  c_w.l(rtexit2.o)
    0x08000180   0x08000180   0x00000006   Code   RO         1578    .ARM.Collect$$rtexit$$00000004  c_w.l(rtexit2.o)
    0x08000186   0x08000186   0x00000002   PAD
    0x08000188   0x08000188   0x00000038   Code   RO            4    .text               startup_stm32f10x_md.o
    0x080001c0   0x080001c0   0x00000006   Code   RO         1445    .text               c_w.l(heapauxi.o)
    0x080001c6   0x080001c6   0x0000004a   Code   RO         1515    .text               c_w.l(sys_stackheap_outer.o)
    0x08000210   0x08000210   0x00000012   Code   RO         1517    .text               c_w.l(exit.o)
    0x08000222   0x08000222   0x00000002   PAD
    0x08000224   0x08000224   0x00000008   Code   RO         1525    .text               c_w.l(libspace.o)
    0x0800022c   0x0800022c   0x0000000c   Code   RO         1586    .text               c_w.l(sys_exit.o)
    0x08000238   0x08000238   0x00000002   Code   RO         1597    .text               c_w.l(use_no_semi.o)
    0x0800023a   0x0800023a   0x00000000   Code   RO         1599    .text               c_w.l(indicate_semi.o)
    0x0800023a   0x0800023a   0x00000002   PAD
    0x0800023c   0x0800023c   0x00000054   Code   RO          234    i.ButtonConfig      button.o
    0x08000290   0x08000290   0x00000108   Code   RO          235    i.ButtonProcess     button.o
    0x08000398   0x08000398   0x0000012c   Code   RO         1105    i.GPIO_Init         stm32_driver_gpio.o
    0x080004c4   0x080004c4   0x0000000e   Code   RO         1106    i.GPIO_ReadInputDataBit  stm32_driver_gpio.o
    0x080004d2   0x080004d2   0x00000008   Code   RO         1108    i.GPIO_SetBit       stm32_driver_gpio.o
    0x080004da   0x080004da   0x00000002   PAD
    0x080004dc   0x080004dc   0x0000000c   Code   RO           13    i.HAL_GetTick       main.o
    0x080004e8   0x080004e8   0x000000a4   Code   RO           14    i.HandleButtonEvent  main.o
    0x0800058c   0x0800058c   0x000000a8   Code   RO          679    i.LCD_Create        lcd_generic.o
    0x08000634   0x08000634   0x0000002c   Code   RO          236    i.ReadButton        button.o
    0x08000660   0x08000660   0x0000000c   Code   RO          237    i.RegisterButtonEvent  button.o
    0x0800066c   0x0800066c   0x0000000a   Code   RO         1243    i.SPI_CRC_Polynomial  stm32_hal_spi.o
    0x08000676   0x08000676   0x00000002   PAD
    0x08000678   0x08000678   0x00000120   Code   RO         1059    i.SPI_Init          stm32_driver_spi.o
    0x08000798   0x08000798   0x0000000a   Code   RO         1245    i.SPI_SendByte      stm32_hal_spi.o
    0x080007a2   0x080007a2   0x0000000a   Code   RO         1246    i.SPI_SetupBaudrate  stm32_hal_spi.o
    0x080007ac   0x080007ac   0x0000002e   Code   RO         1247    i.SPI_SetupClockMode  stm32_hal_spi.o
    0x080007da   0x080007da   0x0000002e   Code   RO         1248    i.SPI_SetupFrameFormat  stm32_hal_spi.o
    0x08000808   0x08000808   0x0000000a   Code   RO         1249    i.SPI_SetupNSS      stm32_hal_spi.o
    0x08000812   0x08000812   0x0000001c   Code   RO         1061    i.SPI_WriteByte     stm32_driver_spi.o
    0x0800082e   0x0800082e   0x00000002   PAD
    0x08000830   0x08000830   0x00000028   Code   RO          680    i.ST7735_SendCommand  lcd_generic.o
    0x08000858   0x08000858   0x00000048   Code   RO          681    i.ST7735_SendCommandList  lcd_generic.o
    0x080008a0   0x080008a0   0x00000050   Code   RO          682    i.ST7735_SetDispControl  lcd_generic.o
    0x080008f0   0x080008f0   0x00000064   Code   RO          683    i.ST7735_SetWindow  lcd_generic.o
    0x08000954   0x08000954   0x00000034   Code   RO          684    i.ST7735_Test       lcd_generic.o
    0x08000988   0x08000988   0x00000044   Code   RO         1306    i.SignalTest        stm32_hal_usb.o
    0x080009cc   0x080009cc   0x00000010   Code   RO           18    i.SysTick_Handler   main.o
    0x080009dc   0x080009dc   0x0000000e   Code   RO           19    i.SystickConfig     main.o
    0x080009ea   0x080009ea   0x0000001e   Code   RO          972    i.TIM2_IRQHandler   stm32_driver_tim.o
    0x08000a08   0x08000a08   0x00000024   Code   RO          974    i.TIM3_IRQHandler   stm32_driver_tim.o
    0x08000a2c   0x08000a2c   0x00000084   Code   RO          194    i.TestLed           led_rgb.o
    0x08000ab0   0x08000ab0   0x0000003c   Code   RO          892    i.USART1_IRQHandler  stm32_driver_uart.o
    0x08000aec   0x08000aec   0x0000003c   Code   RO          893    i.USART2_IRQHandler  stm32_driver_uart.o
    0x08000b28   0x08000b28   0x00000014   Code   RO         1307    i.USBD_GetLen       stm32_hal_usb.o
    0x08000b3c   0x08000b3c   0x0000004c   Code   RO         1308    i.USB_BufferDescTable  stm32_hal_usb.o
    0x08000b88   0x08000b88   0x000000a0   Code   RO         1309    i.USB_EndpointInit  stm32_hal_usb.o
    0x08000c28   0x08000c28   0x0000003c   Code   RO         1310    i.USB_GetString     stm32_hal_usb.o
    0x08000c64   0x08000c64   0x00000058   Code   RO         1148    i.USB_LP_CAN1_RX0_IRQHandler  stm32_interrupt.o
    0x08000cbc   0x08000cbc   0x00000194   Code   RO         1312    i.USB_ProcessDataInStage  stm32_hal_usb.o
    0x08000e50   0x08000e50   0x00000130   Code   RO         1313    i.USB_ProcessDataOutStage  stm32_hal_usb.o
    0x08000f80   0x08000f80   0x000003b4   Code   RO         1314    i.USB_ProcessSetupStage  stm32_hal_usb.o
    0x08001334   0x08001334   0x00000022   Code   RO         1315    i.USB_ReadPMA       stm32_hal_usb.o
    0x08001356   0x08001356   0x00000002   PAD
    0x08001358   0x08001358   0x00000048   Code   RO         1316    i.USB_ResetCallBack  stm32_hal_usb.o
    0x080013a0   0x080013a0   0x00000104   Code   RO         1317    i.USB_TransactionCallBack  stm32_hal_usb.o
    0x080014a4   0x080014a4   0x0000002c   Code   RO         1318    i.USB_WritePMA      stm32_hal_usb.o
    0x080014d0   0x080014d0   0x0000001a   Code   RO          977    i.__NVIC_ClearPendingIRQ  stm32_driver_tim.o
    0x080014ea   0x080014ea   0x0000001a   Code   RO         1062    i.__NVIC_EnableIRQ  stm32_driver_spi.o
    0x08001504   0x08001504   0x00000020   Code   RO         1063    i.__NVIC_SetPriority  stm32_driver_spi.o
    0x08001524   0x08001524   0x00000016   Code   RO           21    i.delay             main.o
    0x0800153a   0x0800153a   0x00000002   PAD
    0x0800153c   0x0800153c   0x0000002c   Code   RO           22    i.init              main.o
    0x08001568   0x08001568   0x00000002   Code   RO           23    i.loop              main.o
    0x0800156a   0x0800156a   0x0000000a   Code   RO           24    i.main              main.o
    0x08001574   0x08001574   0x00000088   Code   RO         1032    i.setupHardware     stm32_driver_rcc.o
    0x080015fc   0x080015fc   0x00000030   Data   RO          655    .constdata          button_conf.o
    0x0800162c   0x0800162c   0x00000052   Data   RO          685    .constdata          lcd_generic.o
    0x0800167e   0x0800167e   0x00000002   PAD
    0x08001680   0x08001680   0x00000020   Data   RO         1654    Region$$Table       anon$$obj.o


    Execution Region RW_IRAM1 (Exec base: 0x20000000, Load base: 0x080016a0, Size: 0x00000b30, Max: 0x00005000, ABSOLUTE)

    Exec Addr    Load Addr    Size         Type   Attr      Idx    E Section Name        Object

    0x20000000   0x080016a0   0x00000004   Data   RW           27    .data               main.o
    0x20000004   0x080016a4   0x00000004   Data   RW          239    .data               button.o
    0x20000008   0x080016a8   0x00000079   Data   RW         1320    .data               stm32_hal_usb.o
    0x20000081   0x08001721   0x00000003   PAD
    0x20000084        -       0x00000030   Zero   RW          238    .bss                button.o
    0x200000b4        -       0x0000003e   Zero   RW          900    .bss                stm32_driver_uart.o
    0x200000f2   0x08001721   0x00000002   PAD
    0x200000f4        -       0x000003dc   Zero   RW         1319    .bss                stm32_hal_usb.o
    0x200004d0        -       0x00000060   Zero   RW         1526    .bss                c_w.l(libspace.o)
    0x20000530        -       0x00000200   Zero   RW            2    HEAP                startup_stm32f10x_md.o
    0x20000730        -       0x00000400   Zero   RW            1    STACK               startup_stm32f10x_md.o


==============================================================================

Image component sizes


      Code (inc. data)   RO Data    RW Data    ZI Data      Debug   Object Name

       404         44          0          4         48       2789   button.o
         0          0         48          0          0       1596   button_conf.o
       512         50         82          0          0       4326   lcd_generic.o
       132         18          0          0          0        438   led_rgb.o
       284         30          0          4          0      42769   main.o
        56         22        236          0       1536        804   startup_stm32f10x_md.o
       322         32          0          0          0       2546   stm32_driver_gpio.o
         0          0          0          0          0      24647   stm32_driver_i2c.o
       136         10          0          0          0        488   stm32_driver_rcc.o
       374         22          0          0          0       2459   stm32_driver_spi.o
        92          4          0          0          0      25935   stm32_driver_tim.o
       120         20          0          0         62       3082   stm32_driver_uart.o
       132          0          0          0          0       3359   stm32_hal_spi.o
      2450        172          0        121        988      12184   stm32_hal_usb.o
        88          6          0          0          0        537   stm32_interrupt.o

    ----------------------------------------------------------------------
      5112        430        400        132       2636     127959   Object Totals
         0          0         32          0          0          0   (incl. Generated)
        10          0          2          3          2          0   (incl. Padding)

    ----------------------------------------------------------------------

      Code (inc. data)   RO Data    RW Data    ZI Data      Debug   Library Member Name

         8          0          0          0          0         68   __main.o
         0          0          0          0          0          0   __rtentry.o
        12          0          0          0          0          0   __rtentry2.o
         6          0          0          0          0          0   __rtentry4.o
        52          8          0          0          0          0   __scatter.o
        26          0          0          0          0          0   __scatter_copy.o
        28          0          0          0          0          0   __scatter_zi.o
        18          0          0          0          0         80   exit.o
         6          0          0          0          0        152   heapauxi.o
         0          0          0          0          0          0   indicate_semi.o
         2          0          0          0          0          0   libinit.o
         2          0          0          0          0          0   libinit2.o
         2          0          0          0          0          0   libshutdown.o
         2          0          0          0          0          0   libshutdown2.o
         8          4          0          0         96         68   libspace.o
         2          0          0          0          0          0   rtexit.o
        10          0          0          0          0          0   rtexit2.o
        12          4          0          0          0         68   sys_exit.o
        74          0          0          0          0         80   sys_stackheap_outer.o
         2          0          0          0          0         68   use_no_semi.o

    ----------------------------------------------------------------------
       280         16          0          0         96        584   Library Totals
         8          0          0          0          0          0   (incl. Padding)

    ----------------------------------------------------------------------

      Code (inc. data)   RO Data    RW Data    ZI Data      Debug   Library Name

       272         16          0          0         96        584   c_w.l

    ----------------------------------------------------------------------
       280         16          0          0         96        584   Library Totals

    ----------------------------------------------------------------------

==============================================================================


      Code (inc. data)   RO Data    RW Data    ZI Data      Debug   

      5392        446        400        132       2732     125991   Grand Totals
      5392        446        400        132       2732     125991   ELF Image Totals
      5392        446        400        132          0          0   ROM Totals

==============================================================================

    Total RO  Size (Code + RO Data)                 5792 (   5.66kB)
    Total RW  Size (RW Data + ZI Data)              2864 (   2.80kB)
    Total ROM Size (Code + RO Data + RW Data)       5924 (   5.79kB)

==============================================================================

